2026-09-07T10:21:11+00:00 INFO    [event=application.started] IPTV-API 版本: 3.0.0 (构建时间: 2026-08-07 11:45:59)
2026-09-07T10:21:11+00:00 INFO    [phase=prepare event=network.ipv6.checking] 🛜 正在检查当前网络是否支持IPv6...
2026-09-07T10:21:11+00:00 WARNING [phase=prepare event=network.ipv6.unsupported] 当前网络不支持IPv6，别担心，IPv6的结果会被保存下来
2026-09-07T10:21:11+00:00 INFO    [run=ab8f2b156f59407d9a8bb7d30d5bb2d7 phase=prepare event=run.started] 性能模式: auto → balance，可用资源: 4.0 CPU / 15.61 GB，并发: 测速 8、媒体探测 2、源抓取 8
2026-09-07T10:21:11+00:00 INFO    [run=ab8f2b156f59407d9a8bb7d30d5bb2d7 phase=prepare event=channels.catalog_loaded] 频道目录已加载：白名单 0，黑名单 2，台标 21
2026-09-07T10:21:11+00:00 INFO    [run=ab8f2b156f59407d9a8bb7d30d5bb2d7 phase=fetch event=sources.subscribe.summary] 订阅源数量：20，订阅白名单数量：0，停用地址数量：1，有效总数量：20
2026-09-07T10:21:11+00:00 INFO    [run=ab8f2b156f59407d9a8bb7d30d5bb2d7 phase=fetch event=progress.started] 正在进行获取订阅源  0/20
2026-09-07T10:21:12+00:00 INFO    [run=ab8f2b156f59407d9a8bb7d30d5bb2d7 phase=fetch event=progress.updated] 正在进行获取订阅源  1/20 (5%)  剩余 19
2026-09-07T10:21:13+00:00 INFO    [run=ab8f2b156f59407d9a8bb7d30d5bb2d7 phase=fetch event=progress.updated] 正在进行获取订阅源  3/20 (15%)  剩余 17
2026-09-07T10:21:13+00:00 INFO    [run=ab8f2b156f59407d9a8bb7d30d5bb2d7 phase=fetch event=progress.updated] 正在进行获取订阅源  5/20 (25%)  剩余 15
2026-09-07T10:21:13+00:00 INFO    [run=ab8f2b156f59407d9a8bb7d30d5bb2d7 phase=fetch event=progress.updated] 正在进行获取订阅源  7/20 (35%)  剩余 13
2026-09-07T10:21:13+00:00 WARNING [run=ab8f2b156f59407d9a8bb7d30d5bb2d7 phase=fetch event=source.disabled] 订阅源地址已自动停用：https://raw.githubusercontent.com/CCSH/IPTV/main/live_platforms.m3u（没有匹配到符合条件的值）
2026-09-07T10:21:13+00:00 INFO    [run=ab8f2b156f59407d9a8bb7d30d5bb2d7 phase=fetch event=progress.updated] 正在进行获取订阅源  9/20 (45%)  剩余 11
2026-09-07T10:21:14+00:00 INFO    [run=ab8f2b156f59407d9a8bb7d30d5bb2d7 phase=fetch event=progress.updated] 正在进行获取订阅源  11/20 (55%)  剩余 9
2026-09-07T10:21:14+00:00 INFO    [run=ab8f2b156f59407d9a8bb7d30d5bb2d7 phase=fetch event=progress.updated] 正在进行获取订阅源  13/20 (65%)  剩余 7
2026-09-07T10:21:14+00:00 WARNING [run=ab8f2b156f59407d9a8bb7d30d5bb2d7 phase=fetch event=source.disabled] 订阅源地址已自动停用：https://raw.githubusercontent.com/YanG-1989/m3u/main/Gather.m3u（没有匹配到符合条件的值）
2026-09-07T10:21:14+00:00 INFO    [run=ab8f2b156f59407d9a8bb7d30d5bb2d7 phase=fetch event=progress.updated] 正在进行获取订阅源  15/20 (75%)  剩余 5
2026-09-07T10:21:15+00:00 INFO    [run=ab8f2b156f59407d9a8bb7d30d5bb2d7 phase=fetch event=progress.updated] 正在进行获取订阅源  17/20 (85%)  剩余 3
2026-09-07T10:21:15+00:00 WARNING [run=ab8f2b156f59407d9a8bb7d30d5bb2d7 phase=fetch event=source.disabled] 订阅源地址已自动停用：https://raw.githubusercontent.com/YanG-1989/m3u/main/Migu.m3u（没有匹配到符合条件的值）
2026-09-07T10:21:15+00:00 INFO    [run=ab8f2b156f59407d9a8bb7d30d5bb2d7 phase=fetch event=progress.updated] 正在进行获取订阅源  19/20 (95%)  剩余 1
2026-09-07T10:21:15+00:00 INFO    [run=ab8f2b156f59407d9a8bb7d30d5bb2d7 phase=fetch event=progress.updated] 正在进行获取订阅源  20/20 (100%)  剩余 0
2026-09-07T10:21:15+00:00 INFO    [run=ab8f2b156f59407d9a8bb7d30d5bb2d7 phase=fetch event=sources.subscribe.finished] 订阅源: ✅ 有效地址数量：17，⛔ 停用地址数量：3
2026-09-07T10:21:15+00:00 INFO    [run=ab8f2b156f59407d9a8bb7d30d5bb2d7 phase=fetch event=sources.subscribe.epg_discovered] 📡 从订阅源中发现 6 个 EPG 地址
2026-09-07T10:21:15+00:00 INFO    [run=ab8f2b156f59407d9a8bb7d30d5bb2d7 phase=fetch event=progress.finished] 正在进行获取订阅源  20/20  未匹配 7125
2026-09-07T10:21:15+00:00 INFO    [run=ab8f2b156f59407d9a8bb7d30d5bb2d7 phase=fetch event=sources.epg.summary] EPG源数量：1，EPG白名单数量：0，停用地址数量：0，有效总数量：4
2026-09-07T10:21:15+00:00 INFO    [run=ab8f2b156f59407d9a8bb7d30d5bb2d7 phase=fetch event=progress.started] 正在进行获取EPG源  0/4
2026-09-07T10:21:16+00:00 INFO    [run=ab8f2b156f59407d9a8bb7d30d5bb2d7 phase=fetch event=epg.source_parsed] EPG 源解析完成：http://e.erw.cc/e.xml.gz，保留节目 2484 条
2026-09-07T10:21:16+00:00 INFO    [run=ab8f2b156f59407d9a8bb7d30d5bb2d7 phase=fetch event=progress.updated] 正在进行获取EPG源  1/4 (25%)  剩余 3
2026-09-07T10:21:18+00:00 INFO    [run=ab8f2b156f59407d9a8bb7d30d5bb2d7 phase=fetch event=epg.source_parsed] EPG 源解析完成：http://epg.51zmt.top:8000/e.xml.gz，保留节目 3636 条
2026-09-07T10:21:18+00:00 INFO    [run=ab8f2b156f59407d9a8bb7d30d5bb2d7 phase=fetch event=progress.updated] 正在进行获取EPG源  2/4 (50%)  剩余 2
2026-09-07T10:21:18+00:00 WARNING [run=ab8f2b156f59407d9a8bb7d30d5bb2d7 phase=fetch event=request.retrying] 🔄 请求https://gh-proxy.com/https://raw.githubusercontent.com/Guovin/iptv-api/refs/heads/master/output/epg/epg.gz失败，正在进行第1次重试...
2026-09-07T10:21:18+00:00 ERROR   [run=ab8f2b156f59407d9a8bb7d30d5bb2d7 phase=fetch event=source.parse_failed] https://gh-proxy.com/https://raw.githubusercontent.com/Guovin/iptv-api/refs/heads/master/output/epg/epg.gz 出错：❌ 请求https://gh-proxy.com/https://raw.githubusercontent.com/Guovin/iptv-api/refs/heads/master/output/epg/epg.gz失败，已达到最大重试次数
2026-09-07T10:21:18+00:00 WARNING [run=ab8f2b156f59407d9a8bb7d30d5bb2d7 phase=fetch event=source.disabled] EPG源地址已自动停用：https://gh-proxy.com/https://raw.githubusercontent.com/Guovin/iptv-api/refs/heads/master/output/epg/epg.gz（请求失败）
2026-09-07T10:21:18+00:00 INFO    [run=ab8f2b156f59407d9a8bb7d30d5bb2d7 phase=fetch event=progress.updated] 正在进行获取EPG源  3/4 (75%)  剩余 1
2026-09-07T10:21:22+00:00 INFO    [run=ab8f2b156f59407d9a8bb7d30d5bb2d7 phase=fetch event=epg.source_parsed] EPG 源解析完成：https://ghfast.top/https://github.com/CCSH/IPTV/raw/refs/heads/main/e.xml.gz，保留节目 14413 条
2026-09-07T10:21:22+00:00 INFO    [run=ab8f2b156f59407d9a8bb7d30d5bb2d7 phase=fetch event=progress.updated] 正在进行获取EPG源  4/4 (100%)  剩余 0
2026-09-07T10:21:22+00:00 INFO    [run=ab8f2b156f59407d9a8bb7d30d5bb2d7 phase=fetch event=sources.epg.finished] EPG源: ✅ 有效地址数量：1，⛔ 停用地址数量：0
2026-09-07T10:21:22+00:00 INFO    [run=ab8f2b156f59407d9a8bb7d30d5bb2d7 phase=fetch event=progress.finished] 正在进行获取EPG源  4/4  匹配 69 个频道
2026-09-07T10:22:13+00:00 INFO    [run=ab8f2b156f59407d9a8bb7d30d5bb2d7 phase=aggregate event=channels.aggregated] 频道数据聚合完成：72 个频道，1966 个接口（IPv4 1692 / IPv6 274）
2026-09-07T10:22:13+00:00 INFO    [run=ab8f2b156f59407d9a8bb7d30d5bb2d7 phase=speed_test event=speed_test.planned] 总接口数量: 1888, 需要进行测速的接口数量: 1626
2026-09-07T10:22:13+00:00 INFO    [run=ab8f2b156f59407d9a8bb7d30d5bb2d7 phase=speed_test event=progress.started] 测速  0/1626
2026-09-07T10:22:13+00:00 INFO    [run=ab8f2b156f59407d9a8bb7d30d5bb2d7 phase=speed_test event=progress.updated] 测速  1/1626 (0%)  有效 0  失败 1  CCTV-1
2026-09-07T10:22:43+00:00 INFO    [run=ab8f2b156f59407d9a8bb7d30d5bb2d7 phase=speed_test event=progress.updated] 测速  94/1626 (5%)  有效 18  失败 76  CCTV-4
2026-09-07T10:23:13+00:00 INFO    [run=ab8f2b156f59407d9a8bb7d30d5bb2d7 phase=speed_test event=progress.updated] 测速  165/1626 (10%)  有效 24  失败 141  CCTV-5+
2026-09-07T10:23:43+00:00 INFO    [run=ab8f2b156f59407d9a8bb7d30d5bb2d7 phase=speed_test event=progress.updated] 测速  242/1626 (14%)  有效 34  失败 208  CCTV-7
2026-09-07T10:24:14+00:00 INFO    [run=ab8f2b156f59407d9a8bb7d30d5bb2d7 phase=speed_test event=progress.updated] 测速  334/1626 (20%)  有效 45  失败 289  CCTV-10
2026-09-07T10:24:45+00:00 INFO    [run=ab8f2b156f59407d9a8bb7d30d5bb2d7 phase=speed_test event=progress.updated] 测速  432/1626 (26%)  有效 52  失败 380  CCTV-13
2026-09-07T10:25:15+00:00 INFO    [run=ab8f2b156f59407d9a8bb7d30d5bb2d7 phase=speed_test event=progress.updated] 测速  555/1626 (34%)  有效 73  失败 482  CETV-4
2026-09-07T10:25:46+00:00 INFO    [run=ab8f2b156f59407d9a8bb7d30d5bb2d7 phase=speed_test event=progress.updated] 测速  634/1626 (38%)  有效 78  失败 556  浙江卫视
2026-09-07T10:26:16+00:00 INFO    [run=ab8f2b156f59407d9a8bb7d30d5bb2d7 phase=speed_test event=progress.updated] 测速  725/1626 (44%)  有效 95  失败 630  黑龙江卫视
2026-09-07T10:26:46+00:00 INFO    [run=ab8f2b156f59407d9a8bb7d30d5bb2d7 phase=speed_test event=progress.updated] 测速  799/1626 (49%)  有效 102  失败 697  重庆卫视
2026-09-07T10:27:16+00:00 INFO    [run=ab8f2b156f59407d9a8bb7d30d5bb2d7 phase=speed_test event=progress.updated] 测速  876/1626 (53%)  有效 112  失败 764  甘肃卫视
2026-09-07T10:27:47+00:00 INFO    [run=ab8f2b156f59407d9a8bb7d30d5bb2d7 phase=speed_test event=progress.updated] 测速  968/1626 (59%)  有效 123  失败 845  河北卫视
2026-09-07T10:28:17+00:00 INFO    [run=ab8f2b156f59407d9a8bb7d30d5bb2d7 phase=speed_test event=progress.updated] 测速  1040/1626 (63%)  有效 126  失败 914  江苏卫视
2026-09-07T10:28:47+00:00 INFO    [run=ab8f2b156f59407d9a8bb7d30d5bb2d7 phase=speed_test event=progress.updated] 测速  1124/1626 (69%)  有效 140  失败 984  辽宁卫视
2026-09-07T10:29:17+00:00 INFO    [run=ab8f2b156f59407d9a8bb7d30d5bb2d7 phase=speed_test event=progress.updated] 测速  1207/1626 (74%)  有效 152  失败 1055  山东卫视
2026-09-07T10:29:48+00:00 INFO    [run=ab8f2b156f59407d9a8bb7d30d5bb2d7 phase=speed_test event=progress.updated] 测速  1275/1626 (78%)  有效 160  失败 1115  陕西卫视
2026-09-07T10:30:19+00:00 INFO    [run=ab8f2b156f59407d9a8bb7d30d5bb2d7 phase=speed_test event=progress.updated] 测速  1355/1626 (83%)  有效 168  失败 1187  三沙卫视
2026-09-07T10:30:49+00:00 INFO    [run=ab8f2b156f59407d9a8bb7d30d5bb2d7 phase=speed_test event=progress.updated] 测速  1433/1626 (88%)  有效 178  失败 1255  新疆卫视
2026-09-07T10:31:16+00:00 INFO    [run=ab8f2b156f59407d9a8bb7d30d5bb2d7 phase=speed_test event=speed_test.artifacts_written] 测速明细已写入 output/log/speed_test.log，有效结果已写入 output/log/result.log
2026-09-07T10:31:16+00:00 INFO    [run=ab8f2b156f59407d9a8bb7d30d5bb2d7 phase=speed_test event=progress.finished] 测速  1626/1626  有效 192  失败 1307
2026-09-07T10:31:16+00:00 INFO    [run=ab8f2b156f59407d9a8bb7d30d5bb2d7 phase=output event=output.written] 结果文件生成完成：更新 3 个文件
2026-09-07T10:31:16+00:00 INFO    [run=ab8f2b156f59407d9a8bb7d30d5bb2d7 phase=statistics event=statistics.finished] 频道统计完成：测试 1499，有效 192
2026-09-07T10:31:16+00:00 INFO    [run=ab8f2b156f59407d9a8bb7d30d5bb2d7 phase=complete event=run.summary] 更新摘要
2026-09-07T10:31:16+00:00 INFO    [run=ab8f2b156f59407d9a8bb7d30d5bb2d7 phase=complete event=run.finished] 更新完成！总耗时：10:04
2026-09-07T11:01:35+00:00 INFO    [event=application.started] IPTV-API 版本: 3.0.0 (构建时间: 2026-08-07 11:45:59)
2026-09-07T11:01:35+00:00 INFO    [phase=prepare event=network.ipv6.checking] 🛜 正在检查当前网络是否支持IPv6...
2026-09-07T11:01:35+00:00 WARNING [phase=prepare event=network.ipv6.unsupported] 当前网络不支持IPv6，别担心，IPv6的结果会被保存下来
2026-09-07T11:01:35+00:00 INFO    [run=2befb2f2f4c94a96af73f8ead31b1908 phase=prepare event=run.started] 性能模式: auto → balance，可用资源: 4.0 CPU / 15.62 GB，并发: 测速 8、媒体探测 2、源抓取 8
2026-09-07T11:01:35+00:00 INFO    [run=2befb2f2f4c94a96af73f8ead31b1908 phase=prepare event=channels.catalog_loaded] 频道目录已加载：白名单 0，黑名单 2，台标 21
2026-09-07T11:01:35+00:00 INFO    [run=2befb2f2f4c94a96af73f8ead31b1908 phase=fetch event=sources.subscribe.summary] 订阅源数量：36，订阅白名单数量：0，停用地址数量：0，有效总数量：36
2026-09-07T11:01:35+00:00 INFO    [run=2befb2f2f4c94a96af73f8ead31b1908 phase=fetch event=progress.started] 正在进行获取订阅源  0/36
2026-09-07T11:01:36+00:00 INFO    [run=2befb2f2f4c94a96af73f8ead31b1908 phase=fetch event=progress.updated] 正在进行获取订阅源  1/36 (2%)  剩余 35
2026-09-07T11:01:37+00:00 INFO    [run=2befb2f2f4c94a96af73f8ead31b1908 phase=fetch event=progress.updated] 正在进行获取订阅源  5/36 (13%)  剩余 31
2026-09-07T11:01:37+00:00 INFO    [run=2befb2f2f4c94a96af73f8ead31b1908 phase=fetch event=progress.updated] 正在进行获取订阅源  9/36 (25%)  剩余 27
2026-09-07T11:01:38+00:00 INFO    [run=2befb2f2f4c94a96af73f8ead31b1908 phase=fetch event=progress.updated] 正在进行获取订阅源  13/36 (36%)  剩余 23
2026-09-07T11:01:39+00:00 INFO    [run=2befb2f2f4c94a96af73f8ead31b1908 phase=fetch event=progress.updated] 正在进行获取订阅源  17/36 (47%)  剩余 19
2026-09-07T11:01:39+00:00 INFO    [run=2befb2f2f4c94a96af73f8ead31b1908 phase=fetch event=progress.updated] 正在进行获取订阅源  21/36 (58%)  剩余 15
2026-09-07T11:01:40+00:00 WARNING [run=2befb2f2f4c94a96af73f8ead31b1908 phase=fetch event=source.disabled] 订阅源地址已自动停用：https://raw.githubusercontent.com/develop202/migu_video/refs/heads/main/interface.txt（没有匹配到符合条件的值）
2026-09-07T11:01:40+00:00 INFO    [run=2befb2f2f4c94a96af73f8ead31b1908 phase=fetch event=progress.updated] 正在进行获取订阅源  25/36 (69%)  剩余 11
2026-09-07T11:01:41+00:00 INFO    [run=2befb2f2f4c94a96af73f8ead31b1908 phase=fetch event=progress.updated] 正在进行获取订阅源  29/36 (80%)  剩余 7
2026-09-07T11:01:41+00:00 INFO    [run=2befb2f2f4c94a96af73f8ead31b1908 phase=fetch event=progress.updated] 正在进行获取订阅源  33/36 (91%)  剩余 3
2026-09-07T11:01:44+00:00 INFO    [run=2befb2f2f4c94a96af73f8ead31b1908 phase=fetch event=progress.updated] 正在进行获取订阅源  36/36 (100%)  剩余 0
2026-09-07T11:01:44+00:00 INFO    [run=2befb2f2f4c94a96af73f8ead31b1908 phase=fetch event=sources.subscribe.finished] 订阅源: ✅ 有效地址数量：35，⛔ 停用地址数量：1
2026-09-07T11:01:44+00:00 INFO    [run=2befb2f2f4c94a96af73f8ead31b1908 phase=fetch event=sources.subscribe.epg_discovered] 📡 从订阅源中发现 15 个 EPG 地址
2026-09-07T11:01:44+00:00 INFO    [run=2befb2f2f4c94a96af73f8ead31b1908 phase=fetch event=progress.finished] 正在进行获取订阅源  36/36  未匹配 10000
2026-09-07T11:01:44+00:00 INFO    [run=2befb2f2f4c94a96af73f8ead31b1908 phase=fetch event=sources.epg.summary] EPG源数量：6，EPG白名单数量：0，停用地址数量：0，有效总数量：9
2026-09-07T11:01:44+00:00 INFO    [run=2befb2f2f4c94a96af73f8ead31b1908 phase=fetch event=progress.started] 正在进行获取EPG源  0/9
2026-09-07T11:01:46+00:00 INFO    [run=2befb2f2f4c94a96af73f8ead31b1908 phase=fetch event=epg.source_parsed] EPG 源解析完成：http://e.erw.cc/e.xml.gz，保留节目 18380 条
2026-09-07T11:01:46+00:00 INFO    [run=2befb2f2f4c94a96af73f8ead31b1908 phase=fetch event=progress.updated] 正在进行获取EPG源  1/9 (11%)  剩余 8
2026-09-07T11:02:02+00:00 INFO    [run=2befb2f2f4c94a96af73f8ead31b1908 phase=fetch event=epg.source_parsed] EPG 源解析完成：http://epg.cdn.loc.cc/xml/，保留节目 129149 条
2026-09-07T11:02:02+00:00 INFO    [run=2befb2f2f4c94a96af73f8ead31b1908 phase=fetch event=progress.updated] 正在进行获取EPG源  2/9 (22%)  剩余 7
2026-09-07T11:02:13+00:00 INFO    [run=2befb2f2f4c94a96af73f8ead31b1908 phase=fetch event=epg.source_parsed] EPG 源解析完成：https://gitee.com/taksssss/tv/raw/main/epg/erw.xml.gz，保留节目 22788 条
2026-09-07T11:02:13+00:00 INFO    [run=2befb2f2f4c94a96af73f8ead31b1908 phase=fetch event=progress.updated] 正在进行获取EPG源  3/9 (33%)  剩余 6
2026-09-07T11:02:35+00:00 INFO    [run=2befb2f2f4c94a96af73f8ead31b1908 phase=fetch event=epg.source_parsed] EPG 源解析完成：https://tv.mxdyeah.top/epgphp/t.xml.gz，保留节目 182258 条
2026-09-07T11:02:35+00:00 INFO    [run=2befb2f2f4c94a96af73f8ead31b1908 phase=fetch event=progress.updated] 正在进行获取EPG源  4/9 (44%)  剩余 5
2026-09-07T11:02:36+00:00 INFO    [run=2befb2f2f4c94a96af73f8ead31b1908 phase=fetch event=epg.source_parsed] EPG 源解析完成：http://epg.51zmt.top:8000/e.xml.gz，保留节目 7452 条
2026-09-07T11:02:36+00:00 INFO    [run=2befb2f2f4c94a96af73f8ead31b1908 phase=fetch event=progress.updated] 正在进行获取EPG源  5/9 (55%)  剩余 4
2026-09-07T11:02:44+00:00 INFO    [run=2befb2f2f4c94a96af73f8ead31b1908 phase=fetch event=epg.source_parsed] EPG 源解析完成：https://epg.136605.xyz/9days.xml.gz，保留节目 43416 条
2026-09-07T11:02:44+00:00 INFO    [run=2befb2f2f4c94a96af73f8ead31b1908 phase=fetch event=progress.updated] 正在进行获取EPG源  6/9 (66%)  剩余 3
2026-09-07T11:02:44+00:00 WARNING [run=2befb2f2f4c94a96af73f8ead31b1908 phase=fetch event=request.retrying] 🔄 请求http://epg.51zmt.top:8000/e.xml失败，正在进行第1次重试...
2026-09-07T11:02:45+00:00 ERROR   [run=2befb2f2f4c94a96af73f8ead31b1908 phase=fetch event=source.parse_failed] http://epg.51zmt.top:8000/e.xml 出错：❌ 请求http://epg.51zmt.top:8000/e.xml失败，已达到最大重试次数
2026-09-07T11:02:45+00:00 WARNING [run=2befb2f2f4c94a96af73f8ead31b1908 phase=fetch event=source.disabled] EPG源地址已自动停用：http://epg.51zmt.top:8000/e.xml（请求失败）
2026-09-07T11:02:45+00:00 INFO    [run=2befb2f2f4c94a96af73f8ead31b1908 phase=fetch event=progress.updated] 正在进行获取EPG源  7/9 (77%)  剩余 2
2026-09-07T11:02:45+00:00 INFO    [run=2befb2f2f4c94a96af73f8ead31b1908 phase=fetch event=epg.source_parsed] EPG 源解析完成：https://develop202.github.io/migu_video/playback.xml，保留节目 0 条
2026-09-07T11:02:45+00:00 INFO    [run=2befb2f2f4c94a96af73f8ead31b1908 phase=fetch event=progress.updated] 正在进行获取EPG源  8/9 (88%)  剩余 1
2026-09-07T11:02:45+00:00 WARNING [run=2befb2f2f4c94a96af73f8ead31b1908 phase=fetch event=request.retrying] 🔄 请求https://gh-proxy.com/https://raw.githubusercontent.com/Guovin/iptv-api/refs/heads/master/output/epg/epg.gz失败，正在进行第1次重试...
2026-09-07T11:02:45+00:00 ERROR   [run=2befb2f2f4c94a96af73f8ead31b1908 phase=fetch event=source.parse_failed] https://gh-proxy.com/https://raw.githubusercontent.com/Guovin/iptv-api/refs/heads/master/output/epg/epg.gz 出错：❌ 请求https://gh-proxy.com/https://raw.githubusercontent.com/Guovin/iptv-api/refs/heads/master/output/epg/epg.gz失败，已达到最大重试次数
2026-09-07T11:02:45+00:00 WARNING [run=2befb2f2f4c94a96af73f8ead31b1908 phase=fetch event=source.disabled] EPG源地址已自动停用：https://gh-proxy.com/https://raw.githubusercontent.com/Guovin/iptv-api/refs/heads/master/output/epg/epg.gz（请求失败）
2026-09-07T11:02:45+00:00 INFO    [run=2befb2f2f4c94a96af73f8ead31b1908 phase=fetch event=progress.updated] 正在进行获取EPG源  9/9 (100%)  剩余 0
2026-09-07T11:02:45+00:00 INFO    [run=2befb2f2f4c94a96af73f8ead31b1908 phase=fetch event=sources.epg.finished] EPG源: ✅ 有效地址数量：6，⛔ 停用地址数量：0
2026-09-07T11:02:45+00:00 INFO    [run=2befb2f2f4c94a96af73f8ead31b1908 phase=fetch event=progress.finished] 正在进行获取EPG源  9/9  匹配 1690 个频道
2026-09-07T11:04:13+00:00 INFO    [run=2befb2f2f4c94a96af73f8ead31b1908 phase=aggregate event=channels.aggregated] 频道数据聚合完成：108 个频道，15907 个接口（IPv4 13228 / IPv6 2679）
2026-09-07T11:04:13+00:00 INFO    [run=2befb2f2f4c94a96af73f8ead31b1908 phase=speed_test event=speed_test.planned] 总接口数量: 3965, 需要进行测速的接口数量: 2925
2026-09-07T11:04:13+00:00 INFO    [run=2befb2f2f4c94a96af73f8ead31b1908 phase=speed_test event=progress.started] 测速  0/2925
2026-09-07T11:04:14+00:00 INFO    [run=2befb2f2f4c94a96af73f8ead31b1908 phase=speed_test event=progress.updated] 测速  1/2925 (0%)  有效 0  失败 1  CCTV-1
2026-09-07T11:04:45+00:00 INFO    [run=2befb2f2f4c94a96af73f8ead31b1908 phase=speed_test event=progress.updated] 测速  72/2925 (2%)  有效 4  失败 68  CCTV-2
2026-09-07T11:05:15+00:00 INFO    [run=2befb2f2f4c94a96af73f8ead31b1908 phase=speed_test event=progress.updated] 测速  140/2925 (4%)  有效 24  失败 116  CCTV-4
2026-09-07T11:05:46+00:00 INFO    [run=2befb2f2f4c94a96af73f8ead31b1908 phase=speed_test event=progress.updated] 测速  217/2925 (7%)  有效 35  失败 182  CCTV-6
2026-09-07T11:06:16+00:00 INFO    [run=2befb2f2f4c94a96af73f8ead31b1908 phase=speed_test event=progress.updated] 测速  288/2925 (9%)  有效 47  失败 241  CCTV-7
2026-09-07T11:06:46+00:00 INFO    [run=2befb2f2f4c94a96af73f8ead31b1908 phase=speed_test event=progress.updated] 测速  356/2925 (12%)  有效 58  失败 298  CCTV-10
2026-09-07T11:07:16+00:00 INFO    [run=2befb2f2f4c94a96af73f8ead31b1908 phase=speed_test event=progress.updated] 测速  422/2925 (14%)  有效 70  失败 352  CCTV-11
2026-09-07T11:07:47+00:00 INFO    [run=2befb2f2f4c94a96af73f8ead31b1908 phase=speed_test event=progress.updated] 测速  497/2925 (16%)  有效 79  失败 418  CCTV-13
2026-09-07T11:08:17+00:00 INFO    [run=2befb2f2f4c94a96af73f8ead31b1908 phase=speed_test event=progress.updated] 测速  571/2925 (19%)  有效 86  失败 485  CCTV-15
2026-09-07T11:08:47+00:00 INFO    [run=2befb2f2f4c94a96af73f8ead31b1908 phase=speed_test event=progress.updated] 测速  639/2925 (21%)  有效 96  失败 543  CCTV-16
2026-09-07T11:09:17+00:00 INFO    [run=2befb2f2f4c94a96af73f8ead31b1908 phase=speed_test event=progress.updated] 测速  720/2925 (24%)  有效 110  失败 610  CETV-2
2026-09-07T11:09:47+00:00 INFO    [run=2befb2f2f4c94a96af73f8ead31b1908 phase=speed_test event=progress.updated] 测速  810/2925 (27%)  有效 114  失败 696  CETV-4
2026-09-07T11:10:18+00:00 INFO    [run=2befb2f2f4c94a96af73f8ead31b1908 phase=speed_test event=progress.updated] 测速  884/2925 (30%)  有效 131  失败 753  湖南卫视
2026-09-07T11:10:48+00:00 INFO    [run=2befb2f2f4c94a96af73f8ead31b1908 phase=speed_test event=progress.updated] 测速  965/2925 (32%)  有效 151  失败 814  黑龙江卫视
2026-09-07T11:11:20+00:00 INFO    [run=2befb2f2f4c94a96af73f8ead31b1908 phase=speed_test event=progress.updated] 测速  1043/2925 (35%)  有效 167  失败 876  东方卫视
2026-09-07T11:11:50+00:00 INFO    [run=2befb2f2f4c94a96af73f8ead31b1908 phase=speed_test event=progress.updated] 测速  1112/2925 (38%)  有效 177  失败 935  甘肃卫视
2026-09-07T11:12:21+00:00 INFO    [run=2befb2f2f4c94a96af73f8ead31b1908 phase=speed_test event=progress.updated] 测速  1194/2925 (40%)  有效 192  失败 1002  海南卫视
2026-09-07T11:12:52+00:00 INFO    [run=2befb2f2f4c94a96af73f8ead31b1908 phase=speed_test event=progress.updated] 测速  1265/2925 (43%)  有效 202  失败 1063  河南卫视
2026-09-07T11:13:22+00:00 INFO    [run=2befb2f2f4c94a96af73f8ead31b1908 phase=speed_test event=progress.updated] 测速  1344/2925 (45%)  有效 212  失败 1132  江苏卫视
2026-09-07T11:13:53+00:00 INFO    [run=2befb2f2f4c94a96af73f8ead31b1908 phase=speed_test event=progress.updated] 测速  1429/2925 (48%)  有效 234  失败 1195  宁夏卫视
2026-09-07T11:14:23+00:00 INFO    [run=2befb2f2f4c94a96af73f8ead31b1908 phase=speed_test event=progress.updated] 测速  1508/2925 (51%)  有效 245  失败 1263  山东卫视
2026-09-07T11:14:53+00:00 INFO    [run=2befb2f2f4c94a96af73f8ead31b1908 phase=speed_test event=progress.updated] 测速  1576/2925 (53%)  有效 257  失败 1319  陕西卫视
2026-09-07T11:15:23+00:00 INFO    [run=2befb2f2f4c94a96af73f8ead31b1908 phase=speed_test event=progress.updated] 测速  1667/2925 (56%)  有效 277  失败 1390  西藏卫视
2026-09-07T11:15:53+00:00 INFO    [run=2befb2f2f4c94a96af73f8ead31b1908 phase=speed_test event=progress.updated] 测速  1743/2925 (59%)  有效 291  失败 1452  广东珠江
2026-09-07T11:16:24+00:00 INFO    [run=2befb2f2f4c94a96af73f8ead31b1908 phase=speed_test event=progress.updated] 测速  1807/2925 (61%)  有效 299  失败 1508  大湾区卫视
2026-09-07T11:16:55+00:00 INFO    [run=2befb2f2f4c94a96af73f8ead31b1908 phase=speed_test event=progress.updated] 测速  1897/2925 (64%)  有效 300  失败 1597  超级体育
2026-09-07T11:17:26+00:00 INFO    [run=2befb2f2f4c94a96af73f8ead31b1908 phase=speed_test event=progress.updated] 测速  1963/2925 (67%)  有效 306  失败 1657  天元围棋
2026-09-07T11:17:33+00:00 INFO    [run=2befb2f2f4c94a96af73f8ead31b1908 phase=speed_test event=speed_test.artifacts_written] 测速明细已写入 output/log/speed_test.log，有效结果已写入 output/log/result.log
2026-09-07T11:17:33+00:00 INFO    [run=2befb2f2f4c94a96af73f8ead31b1908 phase=speed_test event=progress.finished] 测速  2925/2925  有效 306  失败 1672
2026-09-07T11:17:36+00:00 INFO    [run=2befb2f2f4c94a96af73f8ead31b1908 phase=output event=output.written] 结果文件生成完成：更新 3 个文件
2026-09-07T11:17:37+00:00 INFO    [run=2befb2f2f4c94a96af73f8ead31b1908 phase=statistics event=statistics.finished] 频道统计完成：测试 1978，有效 306
2026-09-07T11:17:37+00:00 INFO    [run=2befb2f2f4c94a96af73f8ead31b1908 phase=complete event=run.summary] 更新摘要
2026-09-07T11:17:37+00:00 INFO    [run=2befb2f2f4c94a96af73f8ead31b1908 phase=complete event=run.finished] 更新完成！总耗时：16:01
2026-09-08T00:33:33+00:00 INFO    [event=application.started] IPTV-API 版本: 3.0.0 (构建时间: 2026-08-07 11:45:59)
2026-09-08T00:33:33+00:00 INFO    [phase=prepare event=network.ipv6.checking] 🛜 正在检查当前网络是否支持IPv6...
2026-09-08T00:33:33+00:00 WARNING [phase=prepare event=network.ipv6.unsupported] 当前网络不支持IPv6，别担心，IPv6的结果会被保存下来
2026-09-08T00:33:33+00:00 INFO    [run=e6c9135e9b504c629e502ea3adb152e3 phase=prepare event=run.started] 性能模式: auto → balance，可用资源: 4.0 CPU / 15.61 GB，并发: 测速 8、媒体探测 2、源抓取 8
2026-09-08T00:33:33+00:00 INFO    [run=e6c9135e9b504c629e502ea3adb152e3 phase=prepare event=channels.catalog_loaded] 频道目录已加载：白名单 0，黑名单 2，台标 21
2026-09-08T00:33:34+00:00 INFO    [run=e6c9135e9b504c629e502ea3adb152e3 phase=fetch event=sources.subscribe.summary] 订阅源数量：35，订阅白名单数量：0，停用地址数量：1，有效总数量：35
2026-09-08T00:33:34+00:00 INFO    [run=e6c9135e9b504c629e502ea3adb152e3 phase=fetch event=progress.started] 正在进行获取订阅源  0/35
2026-09-08T00:33:35+00:00 INFO    [run=e6c9135e9b504c629e502ea3adb152e3 phase=fetch event=progress.updated] 正在进行获取订阅源  1/35 (2%)  剩余 34
2026-09-08T00:33:35+00:00 INFO    [run=e6c9135e9b504c629e502ea3adb152e3 phase=fetch event=progress.updated] 正在进行获取订阅源  5/35 (14%)  剩余 30
2026-09-08T00:33:36+00:00 INFO    [run=e6c9135e9b504c629e502ea3adb152e3 phase=fetch event=progress.updated] 正在进行获取订阅源  9/35 (25%)  剩余 26
2026-09-08T00:33:36+00:00 INFO    [run=e6c9135e9b504c629e502ea3adb152e3 phase=fetch event=progress.updated] 正在进行获取订阅源  13/35 (37%)  剩余 22
2026-09-08T00:33:37+00:00 INFO    [run=e6c9135e9b504c629e502ea3adb152e3 phase=fetch event=progress.updated] 正在进行获取订阅源  17/35 (48%)  剩余 18
2026-09-08T00:33:37+00:00 INFO    [run=e6c9135e9b504c629e502ea3adb152e3 phase=fetch event=progress.updated] 正在进行获取订阅源  21/35 (60%)  剩余 14
2026-09-08T00:33:38+00:00 INFO    [run=e6c9135e9b504c629e502ea3adb152e3 phase=fetch event=progress.updated] 正在进行获取订阅源  25/35 (71%)  剩余 10
2026-09-08T00:33:39+00:00 INFO    [run=e6c9135e9b504c629e502ea3adb152e3 phase=fetch event=progress.updated] 正在进行获取订阅源  29/35 (82%)  剩余 6
2026-09-08T00:33:40+00:00 INFO    [run=e6c9135e9b504c629e502ea3adb152e3 phase=fetch event=progress.updated] 正在进行获取订阅源  33/35 (94%)  剩余 2
2026-09-08T00:33:47+00:00 WARNING [run=e6c9135e9b504c629e502ea3adb152e3 phase=fetch event=request.retrying] 🔄 请求https://live.445569.xyz/live.m3u失败，正在进行第1次重试...
2026-09-08T00:33:57+00:00 WARNING [run=e6c9135e9b504c629e502ea3adb152e3 phase=fetch event=source.request_failed] 订阅源请求失败：❌ 请求https://live.445569.xyz/live.m3u失败，已达到最大重试次数
2026-09-08T00:33:57+00:00 WARNING [run=e6c9135e9b504c629e502ea3adb152e3 phase=fetch event=source.disabled] 订阅源地址已自动停用：https://live.445569.xyz/live.m3u（请求失败）
2026-09-08T00:33:57+00:00 INFO    [run=e6c9135e9b504c629e502ea3adb152e3 phase=fetch event=progress.updated] 正在进行获取订阅源  35/35 (100%)  剩余 0
2026-09-08T00:33:57+00:00 INFO    [run=e6c9135e9b504c629e502ea3adb152e3 phase=fetch event=sources.subscribe.finished] 订阅源: ✅ 有效地址数量：34，⛔ 停用地址数量：1
2026-09-08T00:33:57+00:00 INFO    [run=e6c9135e9b504c629e502ea3adb152e3 phase=fetch event=sources.subscribe.epg_discovered] 📡 从订阅源中发现 11 个 EPG 地址
2026-09-08T00:33:57+00:00 INFO    [run=e6c9135e9b504c629e502ea3adb152e3 phase=fetch event=progress.finished] 正在进行获取订阅源  35/35  未匹配 451
2026-09-08T00:33:57+00:00 INFO    [run=e6c9135e9b504c629e502ea3adb152e3 phase=fetch event=sources.epg.summary] EPG源数量：6，EPG白名单数量：0，停用地址数量：0，有效总数量：9
2026-09-08T00:33:57+00:00 INFO    [run=e6c9135e9b504c629e502ea3adb152e3 phase=fetch event=progress.started] 正在进行获取EPG源  0/9
2026-09-08T00:34:00+00:00 INFO    [run=e6c9135e9b504c629e502ea3adb152e3 phase=fetch event=epg.source_parsed] EPG 源解析完成：http://e.erw.cc/e.xml.gz，保留节目 18118 条
2026-09-08T00:34:00+00:00 INFO    [run=e6c9135e9b504c629e502ea3adb152e3 phase=fetch event=progress.updated] 正在进行获取EPG源  1/9 (11%)  剩余 8
2026-09-08T00:34:17+00:00 INFO    [run=e6c9135e9b504c629e502ea3adb152e3 phase=fetch event=epg.source_parsed] EPG 源解析完成：http://epg.cdn.loc.cc/xml/，保留节目 141610 条
2026-09-08T00:34:17+00:00 INFO    [run=e6c9135e9b504c629e502ea3adb152e3 phase=fetch event=progress.updated] 正在进行获取EPG源  2/9 (22%)  剩余 7
2026-09-08T00:34:32+00:00 INFO    [run=e6c9135e9b504c629e502ea3adb152e3 phase=fetch event=epg.source_parsed] EPG 源解析完成：https://gitee.com/taksssss/tv/raw/main/epg/erw.xml.gz，保留节目 31069 条
2026-09-08T00:34:32+00:00 INFO    [run=e6c9135e9b504c629e502ea3adb152e3 phase=fetch event=progress.updated] 正在进行获取EPG源  3/9 (33%)  剩余 6
2026-09-08T00:34:53+00:00 INFO    [run=e6c9135e9b504c629e502ea3adb152e3 phase=fetch event=epg.source_parsed] EPG 源解析完成：https://tv.mxdyeah.top/epgphp/t.xml.gz，保留节目 179781 条
2026-09-08T00:34:53+00:00 INFO    [run=e6c9135e9b504c629e502ea3adb152e3 phase=fetch event=progress.updated] 正在进行获取EPG源  4/9 (44%)  剩余 5
2026-09-08T00:34:55+00:00 INFO    [run=e6c9135e9b504c629e502ea3adb152e3 phase=fetch event=epg.source_parsed] EPG 源解析完成：http://epg.51zmt.top:8000/e.xml.gz，保留节目 7365 条
2026-09-08T00:34:55+00:00 INFO    [run=e6c9135e9b504c629e502ea3adb152e3 phase=fetch event=progress.updated] 正在进行获取EPG源  5/9 (55%)  剩余 4
2026-09-08T00:35:02+00:00 INFO    [run=e6c9135e9b504c629e502ea3adb152e3 phase=fetch event=epg.source_parsed] EPG 源解析完成：https://epg.136605.xyz/9days.xml.gz，保留节目 31069 条
2026-09-08T00:35:02+00:00 INFO    [run=e6c9135e9b504c629e502ea3adb152e3 phase=fetch event=progress.updated] 正在进行获取EPG源  6/9 (66%)  剩余 3
2026-09-08T00:35:03+00:00 WARNING [run=e6c9135e9b504c629e502ea3adb152e3 phase=fetch event=request.retrying] 🔄 请求http://epg.51zmt.top:8000/e.xml失败，正在进行第1次重试...
2026-09-08T00:35:04+00:00 ERROR   [run=e6c9135e9b504c629e502ea3adb152e3 phase=fetch event=source.parse_failed] http://epg.51zmt.top:8000/e.xml 出错：❌ 请求http://epg.51zmt.top:8000/e.xml失败，已达到最大重试次数
2026-09-08T00:35:04+00:00 WARNING [run=e6c9135e9b504c629e502ea3adb152e3 phase=fetch event=source.disabled] EPG源地址已自动停用：http://epg.51zmt.top:8000/e.xml（请求失败）
2026-09-08T00:35:04+00:00 INFO    [run=e6c9135e9b504c629e502ea3adb152e3 phase=fetch event=progress.updated] 正在进行获取EPG源  7/9 (77%)  剩余 2
2026-09-08T00:35:04+00:00 WARNING [run=e6c9135e9b504c629e502ea3adb152e3 phase=fetch event=request.retrying] 🔄 请求https://gh-proxy.com/https://raw.githubusercontent.com/Guovin/iptv-api/refs/heads/master/output/epg/epg.gz失败，正在进行第1次重试...
2026-09-08T00:35:04+00:00 ERROR   [run=e6c9135e9b504c629e502ea3adb152e3 phase=fetch event=source.parse_failed] https://gh-proxy.com/https://raw.githubusercontent.com/Guovin/iptv-api/refs/heads/master/output/epg/epg.gz 出错：❌ 请求https://gh-proxy.com/https://raw.githubusercontent.com/Guovin/iptv-api/refs/heads/master/output/epg/epg.gz失败，已达到最大重试次数
2026-09-08T00:35:04+00:00 WARNING [run=e6c9135e9b504c629e502ea3adb152e3 phase=fetch event=source.disabled] EPG源地址已自动停用：https://gh-proxy.com/https://raw.githubusercontent.com/Guovin/iptv-api/refs/heads/master/output/epg/epg.gz（请求失败）
2026-09-08T00:35:04+00:00 INFO    [run=e6c9135e9b504c629e502ea3adb152e3 phase=fetch event=progress.updated] 正在进行获取EPG源  8/9 (88%)  剩余 1
2026-09-08T00:35:16+00:00 INFO    [run=e6c9135e9b504c629e502ea3adb152e3 phase=fetch event=epg.source_parsed] EPG 源解析完成：https://ghfast.top/https://github.com/CCSH/IPTV/raw/refs/heads/main/e.xml.gz，保留节目 67275 条
2026-09-08T00:35:16+00:00 INFO    [run=e6c9135e9b504c629e502ea3adb152e3 phase=fetch event=progress.updated] 正在进行获取EPG源  9/9 (100%)  剩余 0
2026-09-08T00:35:17+00:00 INFO    [run=e6c9135e9b504c629e502ea3adb152e3 phase=fetch event=sources.epg.finished] EPG源: ✅ 有效地址数量：6，⛔ 停用地址数量：0
2026-09-08T00:35:17+00:00 INFO    [run=e6c9135e9b504c629e502ea3adb152e3 phase=fetch event=progress.finished] 正在进行获取EPG源  9/9  匹配 1878 个频道
2026-09-08T00:36:37+00:00 INFO    [run=e6c9135e9b504c629e502ea3adb152e3 phase=aggregate event=channels.aggregated] 频道数据聚合完成：108 个频道，15366 个接口（IPv4 13409 / IPv6 1957）
2026-09-08T00:36:38+00:00 INFO    [run=e6c9135e9b504c629e502ea3adb152e3 phase=speed_test event=speed_test.planned] 总接口数量: 3000, 需要进行测速的接口数量: 2702
2026-09-08T00:36:38+00:00 INFO    [run=e6c9135e9b504c629e502ea3adb152e3 phase=speed_test event=progress.started] 测速  0/2702
2026-09-08T00:36:39+00:00 INFO    [run=e6c9135e9b504c629e502ea3adb152e3 phase=speed_test event=progress.updated] 测速  1/2702 (0%)  有效 0  失败 1  CCTV-1
2026-09-08T00:37:09+00:00 INFO    [run=e6c9135e9b504c629e502ea3adb152e3 phase=speed_test event=progress.updated] 测速  91/2702 (3%)  有效 26  失败 65  CCTV-4
2026-09-08T00:37:40+00:00 INFO    [run=e6c9135e9b504c629e502ea3adb152e3 phase=speed_test event=progress.updated] 测速  160/2702 (5%)  有效 37  失败 123  CCTV-6
2026-09-08T00:38:11+00:00 INFO    [run=e6c9135e9b504c629e502ea3adb152e3 phase=speed_test event=progress.updated] 测速  243/2702 (8%)  有效 52  失败 191  CCTV-8
2026-09-08T00:38:42+00:00 INFO    [run=e6c9135e9b504c629e502ea3adb152e3 phase=speed_test event=progress.updated] 测速  330/2702 (12%)  有效 72  失败 258  CCTV-11
2026-09-08T00:39:12+00:00 INFO    [run=e6c9135e9b504c629e502ea3adb152e3 phase=speed_test event=progress.updated] 测速  427/2702 (15%)  有效 90  失败 337  CCTV-14
2026-09-08T00:39:43+00:00 INFO    [run=e6c9135e9b504c629e502ea3adb152e3 phase=speed_test event=progress.updated] 测速  510/2702 (18%)  有效 109  失败 401  CCTV-17
2026-09-08T00:40:13+00:00 INFO    [run=e6c9135e9b504c629e502ea3adb152e3 phase=speed_test event=progress.updated] 测速  589/2702 (21%)  有效 116  失败 473  CETV-3
2026-09-08T00:40:43+00:00 INFO    [run=e6c9135e9b504c629e502ea3adb152e3 phase=speed_test event=progress.updated] 测速  688/2702 (25%)  有效 132  失败 556  湖南卫视
2026-09-08T00:41:13+00:00 INFO    [run=e6c9135e9b504c629e502ea3adb152e3 phase=speed_test event=progress.updated] 测速  755/2702 (27%)  有效 148  失败 607  湖北卫视
2026-09-08T00:41:44+00:00 INFO    [run=e6c9135e9b504c629e502ea3adb152e3 phase=speed_test event=progress.updated] 测速  843/2702 (31%)  有效 173  失败 670  重庆卫视
2026-09-08T00:42:14+00:00 INFO    [run=e6c9135e9b504c629e502ea3adb152e3 phase=speed_test event=progress.updated] 测速  911/2702 (33%)  有效 179  失败 732  甘肃卫视
2026-09-08T00:42:45+00:00 INFO    [run=e6c9135e9b504c629e502ea3adb152e3 phase=speed_test event=progress.updated] 测速  976/2702 (36%)  有效 187  失败 789  广西卫视
2026-09-08T00:43:17+00:00 INFO    [run=e6c9135e9b504c629e502ea3adb152e3 phase=speed_test event=progress.updated] 测速  1059/2702 (39%)  有效 200  失败 859  河北卫视
2026-09-08T00:43:47+00:00 INFO    [run=e6c9135e9b504c629e502ea3adb152e3 phase=speed_test event=progress.updated] 测速  1128/2702 (41%)  有效 213  失败 915  吉林卫视
2026-09-08T00:44:18+00:00 INFO    [run=e6c9135e9b504c629e502ea3adb152e3 phase=speed_test event=progress.updated] 测速  1226/2702 (45%)  有效 238  失败 988  内蒙古卫视
2026-09-08T00:44:49+00:00 INFO    [run=e6c9135e9b504c629e502ea3adb152e3 phase=speed_test event=progress.updated] 测速  1297/2702 (48%)  有效 246  失败 1051  青海卫视
2026-09-08T00:45:19+00:00 INFO    [run=e6c9135e9b504c629e502ea3adb152e3 phase=speed_test event=progress.updated] 测速  1361/2702 (50%)  有效 254  失败 1107  山西卫视
2026-09-08T00:45:49+00:00 INFO    [run=e6c9135e9b504c629e502ea3adb152e3 phase=speed_test event=progress.updated] 测速  1444/2702 (53%)  有效 273  失败 1171  深圳卫视
2026-09-08T00:46:19+00:00 INFO    [run=e6c9135e9b504c629e502ea3adb152e3 phase=speed_test event=progress.updated] 测速  1523/2702 (56%)  有效 292  失败 1231  西藏卫视
2026-09-08T00:46:50+00:00 INFO    [run=e6c9135e9b504c629e502ea3adb152e3 phase=speed_test event=progress.updated] 测速  1604/2702 (59%)  有效 307  失败 1297  广东体育
2026-09-08T00:47:20+00:00 INFO    [run=e6c9135e9b504c629e502ea3adb152e3 phase=speed_test event=progress.updated] 测速  1681/2702 (62%)  有效 315  失败 1366  广州竞赛
2026-09-08T00:47:52+00:00 INFO    [run=e6c9135e9b504c629e502ea3adb152e3 phase=speed_test event=progress.updated] 测速  1757/2702 (65%)  有效 316  失败 1441  山东体育
2026-09-08T00:48:20+00:00 INFO    [run=e6c9135e9b504c629e502ea3adb152e3 phase=speed_test event=speed_test.artifacts_written] 测速明细已写入 output/log/speed_test.log，有效结果已写入 output/log/result.log
2026-09-08T00:48:20+00:00 INFO    [run=e6c9135e9b504c629e502ea3adb152e3 phase=speed_test event=progress.finished] 测速  2702/2702  有效 321  失败 1493
2026-09-08T00:48:22+00:00 INFO    [run=e6c9135e9b504c629e502ea3adb152e3 phase=output event=output.written] 结果文件生成完成：更新 3 个文件
2026-09-08T00:48:24+00:00 INFO    [run=e6c9135e9b504c629e502ea3adb152e3 phase=statistics event=statistics.finished] 频道统计完成：测试 1814，有效 321
2026-09-08T00:48:24+00:00 INFO    [run=e6c9135e9b504c629e502ea3adb152e3 phase=complete event=run.summary] 更新摘要
2026-09-08T00:48:24+00:00 INFO    [run=e6c9135e9b504c629e502ea3adb152e3 phase=complete event=run.finished] 更新完成！总耗时：14:50
2026-09-25T11:27:03+00:00 INFO    [event=application.started] IPTV-API 版本: 3.0.0 (构建时间: 2026-08-07 11:45:59)
2026-09-25T11:27:04+00:00 INFO    [phase=prepare event=network.ipv6.checking] 🛜 正在检查当前网络是否支持IPv6...
2026-09-25T11:27:04+00:00 WARNING [phase=prepare event=network.ipv6.unsupported] 当前网络不支持IPv6，别担心，IPv6的结果会被保存下来
2026-09-25T11:27:04+00:00 INFO    [run=92d7f891b3c54bc3a3d4daed08460b5b phase=prepare event=run.started] 性能模式: auto → balance，可用资源: 4.0 CPU / 15.61 GB，并发: 测速 8、媒体探测 2、源抓取 8
2026-09-25T11:27:04+00:00 INFO    [run=92d7f891b3c54bc3a3d4daed08460b5b phase=prepare event=channels.catalog_loaded] 频道目录已加载：白名单 0，黑名单 2，台标 21
2026-09-25T11:27:04+00:00 INFO    [run=92d7f891b3c54bc3a3d4daed08460b5b phase=fetch event=sources.subscribe.summary] 订阅源数量：34，订阅白名单数量：0，停用地址数量：2，有效总数量：34
2026-09-25T11:27:04+00:00 INFO    [run=92d7f891b3c54bc3a3d4daed08460b5b phase=fetch event=progress.started] 正在进行获取订阅源  0/34
2026-09-25T11:27:05+00:00 INFO    [run=92d7f891b3c54bc3a3d4daed08460b5b phase=fetch event=progress.updated] 正在进行获取订阅源  1/34 (2%)  剩余 33
2026-09-25T11:27:05+00:00 INFO    [run=92d7f891b3c54bc3a3d4daed08460b5b phase=fetch event=progress.updated] 正在进行获取订阅源  5/34 (14%)  剩余 29
2026-09-25T11:27:06+00:00 INFO    [run=92d7f891b3c54bc3a3d4daed08460b5b phase=fetch event=progress.updated] 正在进行获取订阅源  9/34 (26%)  剩余 25
2026-09-25T11:27:06+00:00 INFO    [run=92d7f891b3c54bc3a3d4daed08460b5b phase=fetch event=progress.updated] 正在进行获取订阅源  13/34 (38%)  剩余 21
2026-09-25T11:27:07+00:00 INFO    [run=92d7f891b3c54bc3a3d4daed08460b5b phase=fetch event=progress.updated] 正在进行获取订阅源  17/34 (50%)  剩余 17
2026-09-25T11:27:08+00:00 INFO    [run=92d7f891b3c54bc3a3d4daed08460b5b phase=fetch event=progress.updated] 正在进行获取订阅源  21/34 (61%)  剩余 13
2026-09-25T11:27:09+00:00 INFO    [run=92d7f891b3c54bc3a3d4daed08460b5b phase=fetch event=progress.updated] 正在进行获取订阅源  25/34 (73%)  剩余 9
2026-09-25T11:27:09+00:00 INFO    [run=92d7f891b3c54bc3a3d4daed08460b5b phase=fetch event=progress.updated] 正在进行获取订阅源  29/34 (85%)  剩余 5
2026-09-25T11:27:10+00:00 INFO    [run=92d7f891b3c54bc3a3d4daed08460b5b phase=fetch event=progress.updated] 正在进行获取订阅源  33/34 (97%)  剩余 1
2026-09-25T11:27:10+00:00 WARNING [run=92d7f891b3c54bc3a3d4daed08460b5b phase=fetch event=source.disabled] 订阅源地址已自动停用：https://gitee.com/mytv-android/iptv-api/raw/master/output/result.m3u（没有匹配到符合条件的值）
2026-09-25T11:27:10+00:00 INFO    [run=92d7f891b3c54bc3a3d4daed08460b5b phase=fetch event=progress.updated] 正在进行获取订阅源  34/34 (100%)  剩余 0
2026-09-25T11:27:10+00:00 INFO    [run=92d7f891b3c54bc3a3d4daed08460b5b phase=fetch event=sources.subscribe.finished] 订阅源: ✅ 有效地址数量：33，⛔ 停用地址数量：1
2026-09-25T11:27:10+00:00 INFO    [run=92d7f891b3c54bc3a3d4daed08460b5b phase=fetch event=sources.subscribe.epg_discovered] 📡 从订阅源中发现 9 个 EPG 地址
2026-09-25T11:27:10+00:00 INFO    [run=92d7f891b3c54bc3a3d4daed08460b5b phase=fetch event=progress.finished] 正在进行获取订阅源  34/34  未匹配 2890
2026-09-25T11:27:11+00:00 INFO    [run=92d7f891b3c54bc3a3d4daed08460b5b phase=fetch event=sources.epg.summary] EPG源数量：6，EPG白名单数量：0，停用地址数量：0，有效总数量：9
2026-09-25T11:27:11+00:00 INFO    [run=92d7f891b3c54bc3a3d4daed08460b5b phase=fetch event=progress.started] 正在进行获取EPG源  0/9
2026-09-25T11:27:12+00:00 INFO    [run=92d7f891b3c54bc3a3d4daed08460b5b phase=fetch event=epg.source_parsed] EPG 源解析完成：http://e.erw.cc/e.xml.gz，保留节目 17304 条
2026-09-25T11:27:12+00:00 INFO    [run=92d7f891b3c54bc3a3d4daed08460b5b phase=fetch event=progress.updated] 正在进行获取EPG源  1/9 (11%)  剩余 8
2026-09-25T11:27:29+00:00 INFO    [run=92d7f891b3c54bc3a3d4daed08460b5b phase=fetch event=epg.source_parsed] EPG 源解析完成：http://epg.cdn.loc.cc/xml/，保留节目 124959 条
2026-09-25T11:27:29+00:00 INFO    [run=92d7f891b3c54bc3a3d4daed08460b5b phase=fetch event=progress.updated] 正在进行获取EPG源  2/9 (22%)  剩余 7
2026-09-25T11:27:43+00:00 INFO    [run=92d7f891b3c54bc3a3d4daed08460b5b phase=fetch event=epg.source_parsed] EPG 源解析完成：https://gitee.com/taksssss/tv/raw/main/epg/erw.xml.gz，保留节目 21512 条
2026-09-25T11:27:43+00:00 INFO    [run=92d7f891b3c54bc3a3d4daed08460b5b phase=fetch event=progress.updated] 正在进行获取EPG源  3/9 (33%)  剩余 6
2026-09-25T11:28:06+00:00 INFO    [run=92d7f891b3c54bc3a3d4daed08460b5b phase=fetch event=epg.source_parsed] EPG 源解析完成：https://tv.mxdyeah.top/epgphp/t.xml.gz，保留节目 182652 条
2026-09-25T11:28:06+00:00 INFO    [run=92d7f891b3c54bc3a3d4daed08460b5b phase=fetch event=progress.updated] 正在进行获取EPG源  4/9 (44%)  剩余 5
2026-09-25T11:28:08+00:00 INFO    [run=92d7f891b3c54bc3a3d4daed08460b5b phase=fetch event=epg.source_parsed] EPG 源解析完成：http://epg.51zmt.top:8000/e.xml.gz，保留节目 7059 条
2026-09-25T11:28:08+00:00 INFO    [run=92d7f891b3c54bc3a3d4daed08460b5b phase=fetch event=progress.updated] 正在进行获取EPG源  5/9 (55%)  剩余 4
2026-09-25T11:28:15+00:00 INFO    [run=92d7f891b3c54bc3a3d4daed08460b5b phase=fetch event=epg.source_parsed] EPG 源解析完成：https://epg.136605.xyz/9days.xml.gz，保留节目 37085 条
2026-09-25T11:28:15+00:00 INFO    [run=92d7f891b3c54bc3a3d4daed08460b5b phase=fetch event=progress.updated] 正在进行获取EPG源  6/9 (66%)  剩余 3
2026-09-25T11:28:16+00:00 WARNING [run=92d7f891b3c54bc3a3d4daed08460b5b phase=fetch event=request.retrying] 🔄 请求http://epg.51zmt.top:8000/e.xml失败，正在进行第1次重试...
2026-09-25T11:28:16+00:00 ERROR   [run=92d7f891b3c54bc3a3d4daed08460b5b phase=fetch event=source.parse_failed] http://epg.51zmt.top:8000/e.xml 出错：❌ 请求http://epg.51zmt.top:8000/e.xml失败，已达到最大重试次数
2026-09-25T11:28:16+00:00 WARNING [run=92d7f891b3c54bc3a3d4daed08460b5b phase=fetch event=source.disabled] EPG源地址已自动停用：http://epg.51zmt.top:8000/e.xml（请求失败）
2026-09-25T11:28:16+00:00 INFO    [run=92d7f891b3c54bc3a3d4daed08460b5b phase=fetch event=progress.updated] 正在进行获取EPG源  7/9 (77%)  剩余 2
2026-09-25T11:28:16+00:00 WARNING [run=92d7f891b3c54bc3a3d4daed08460b5b phase=fetch event=request.retrying] 🔄 请求https://gh-proxy.com/https://raw.githubusercontent.com/Guovin/iptv-api/refs/heads/master/output/epg/epg.gz失败，正在进行第1次重试...
2026-09-25T11:28:17+00:00 ERROR   [run=92d7f891b3c54bc3a3d4daed08460b5b phase=fetch event=source.parse_failed] https://gh-proxy.com/https://raw.githubusercontent.com/Guovin/iptv-api/refs/heads/master/output/epg/epg.gz 出错：❌ 请求https://gh-proxy.com/https://raw.githubusercontent.com/Guovin/iptv-api/refs/heads/master/output/epg/epg.gz失败，已达到最大重试次数
2026-09-25T11:28:17+00:00 WARNING [run=92d7f891b3c54bc3a3d4daed08460b5b phase=fetch event=source.disabled] EPG源地址已自动停用：https://gh-proxy.com/https://raw.githubusercontent.com/Guovin/iptv-api/refs/heads/master/output/epg/epg.gz（请求失败）
2026-09-25T11:28:17+00:00 INFO    [run=92d7f891b3c54bc3a3d4daed08460b5b phase=fetch event=progress.updated] 正在进行获取EPG源  8/9 (88%)  剩余 1
2026-09-25T11:28:19+00:00 INFO    [run=92d7f891b3c54bc3a3d4daed08460b5b phase=fetch event=epg.source_parsed] EPG 源解析完成：https://ghfast.top/https://github.com/CCSH/IPTV/raw/refs/heads/main/e.xml.gz，保留节目 14526 条
2026-09-25T11:28:19+00:00 INFO    [run=92d7f891b3c54bc3a3d4daed08460b5b phase=fetch event=progress.updated] 正在进行获取EPG源  9/9 (100%)  剩余 0
2026-09-25T11:28:19+00:00 INFO    [run=92d7f891b3c54bc3a3d4daed08460b5b phase=fetch event=sources.epg.finished] EPG源: ✅ 有效地址数量：6，⛔ 停用地址数量：0
2026-09-25T11:28:19+00:00 INFO    [run=92d7f891b3c54bc3a3d4daed08460b5b phase=fetch event=progress.finished] 正在进行获取EPG源  9/9  匹配 1705 个频道
2026-09-25T11:29:56+00:00 INFO    [run=92d7f891b3c54bc3a3d4daed08460b5b phase=aggregate event=channels.aggregated] 频道数据聚合完成：108 个频道，17355 个接口（IPv4 15058 / IPv6 2297）
2026-09-25T11:29:56+00:00 INFO    [run=92d7f891b3c54bc3a3d4daed08460b5b phase=speed_test event=speed_test.planned] 总接口数量: 2972, 需要进行测速的接口数量: 2371
2026-09-25T11:29:56+00:00 INFO    [run=92d7f891b3c54bc3a3d4daed08460b5b phase=speed_test event=progress.started] 测速  0/2371
2026-09-25T11:29:57+00:00 INFO    [run=92d7f891b3c54bc3a3d4daed08460b5b phase=speed_test event=progress.updated] 测速  1/2371 (0%)  有效 0  失败 1  CCTV-1
2026-09-25T11:30:28+00:00 INFO    [run=92d7f891b3c54bc3a3d4daed08460b5b phase=speed_test event=progress.updated] 测速  58/2371 (2%)  有效 6  失败 52  CCTV-2
2026-09-25T11:30:58+00:00 INFO    [run=92d7f891b3c54bc3a3d4daed08460b5b phase=speed_test event=progress.updated] 测速  128/2371 (5%)  有效 12  失败 116  CCTV-3
2026-09-25T11:31:28+00:00 INFO    [run=92d7f891b3c54bc3a3d4daed08460b5b phase=speed_test event=progress.updated] 测速  201/2371 (8%)  有效 17  失败 184  CCTV-5
2026-09-25T11:31:58+00:00 INFO    [run=92d7f891b3c54bc3a3d4daed08460b5b phase=speed_test event=progress.updated] 测速  256/2371 (10%)  有效 19  失败 237  CCTV-5+
2026-09-25T11:32:28+00:00 INFO    [run=92d7f891b3c54bc3a3d4daed08460b5b phase=speed_test event=progress.updated] 测速  308/2371 (12%)  有效 24  失败 284  CCTV-6
2026-09-25T11:32:59+00:00 INFO    [run=92d7f891b3c54bc3a3d4daed08460b5b phase=speed_test event=progress.updated] 测速  368/2371 (15%)  有效 28  失败 340  CCTV-8
2026-09-25T11:33:29+00:00 INFO    [run=92d7f891b3c54bc3a3d4daed08460b5b phase=speed_test event=progress.updated] 测速  433/2371 (18%)  有效 34  失败 399  CCTV-9
2026-09-25T11:33:59+00:00 INFO    [run=92d7f891b3c54bc3a3d4daed08460b5b phase=speed_test event=progress.updated] 测速  489/2371 (20%)  有效 38  失败 451  CCTV-10
2026-09-25T11:34:31+00:00 INFO    [run=92d7f891b3c54bc3a3d4daed08460b5b phase=speed_test event=progress.updated] 测速  549/2371 (23%)  有效 44  失败 505  CCTV-12
2026-09-25T11:35:01+00:00 INFO    [run=92d7f891b3c54bc3a3d4daed08460b5b phase=speed_test event=progress.updated] 测速  619/2371 (26%)  有效 50  失败 569  CCTV-13
2026-09-25T11:35:33+00:00 INFO    [run=92d7f891b3c54bc3a3d4daed08460b5b phase=speed_test event=progress.updated] 测速  679/2371 (28%)  有效 55  失败 624  CCTV-15
2026-09-25T11:36:04+00:00 INFO    [run=92d7f891b3c54bc3a3d4daed08460b5b phase=speed_test event=progress.updated] 测速  738/2371 (31%)  有效 60  失败 678  CCTV-16
2026-09-25T11:36:35+00:00 INFO    [run=92d7f891b3c54bc3a3d4daed08460b5b phase=speed_test event=progress.updated] 测速  823/2371 (34%)  有效 71  失败 752  CETV-2
2026-09-25T11:37:06+00:00 INFO    [run=92d7f891b3c54bc3a3d4daed08460b5b phase=speed_test event=progress.updated] 测速  904/2371 (38%)  有效 77  失败 827  浙江卫视
2026-09-25T11:37:37+00:00 INFO    [run=92d7f891b3c54bc3a3d4daed08460b5b phase=speed_test event=progress.updated] 测速  979/2371 (41%)  有效 104  失败 875  黑龙江卫视
2026-09-25T11:38:07+00:00 INFO    [run=92d7f891b3c54bc3a3d4daed08460b5b phase=speed_test event=progress.updated] 测速  1049/2371 (44%)  有效 113  失败 936  重庆卫视
2026-09-25T11:38:37+00:00 INFO    [run=92d7f891b3c54bc3a3d4daed08460b5b phase=speed_test event=progress.updated] 测速  1109/2371 (46%)  有效 119  失败 990  东方卫视
2026-09-25T11:39:07+00:00 INFO    [run=92d7f891b3c54bc3a3d4daed08460b5b phase=speed_test event=progress.updated] 测速  1180/2371 (49%)  有效 127  失败 1053  甘肃卫视
2026-09-25T11:39:38+00:00 INFO    [run=92d7f891b3c54bc3a3d4daed08460b5b phase=speed_test event=progress.updated] 测速  1235/2371 (52%)  有效 131  失败 1104  广西卫视
2026-09-25T11:40:09+00:00 INFO    [run=92d7f891b3c54bc3a3d4daed08460b5b phase=speed_test event=progress.updated] 测速  1306/2371 (55%)  有效 137  失败 1169  海南卫视
2026-09-25T11:40:39+00:00 INFO    [run=92d7f891b3c54bc3a3d4daed08460b5b phase=speed_test event=progress.updated] 测速  1370/2371 (57%)  有效 143  失败 1227  河南卫视
2026-09-25T11:41:09+00:00 INFO    [run=92d7f891b3c54bc3a3d4daed08460b5b phase=speed_test event=progress.updated] 测速  1437/2371 (60%)  有效 153  失败 1284  江苏卫视
2026-09-25T11:41:39+00:00 INFO    [run=92d7f891b3c54bc3a3d4daed08460b5b phase=speed_test event=progress.updated] 测速  1518/2371 (64%)  有效 164  失败 1354  辽宁卫视
2026-09-25T11:42:09+00:00 INFO    [run=92d7f891b3c54bc3a3d4daed08460b5b phase=speed_test event=progress.updated] 测速  1589/2371 (67%)  有效 174  失败 1415  青海卫视
2026-09-25T11:42:40+00:00 INFO    [run=92d7f891b3c54bc3a3d4daed08460b5b phase=speed_test event=progress.updated] 测速  1661/2371 (70%)  有效 187  失败 1474  山西卫视
2026-09-25T11:43:10+00:00 INFO    [run=92d7f891b3c54bc3a3d4daed08460b5b phase=speed_test event=progress.updated] 测速  1728/2371 (72%)  有效 196  失败 1532  四川卫视
2026-09-25T11:43:40+00:00 INFO    [run=92d7f891b3c54bc3a3d4daed08460b5b phase=speed_test event=progress.updated] 测速  1798/2371 (75%)  有效 201  失败 1597  三沙卫视
2026-09-25T11:44:10+00:00 INFO    [run=92d7f891b3c54bc3a3d4daed08460b5b phase=speed_test event=progress.updated] 测速  1875/2371 (79%)  有效 215  失败 1660  新疆卫视
2026-09-25T11:44:40+00:00 INFO    [run=92d7f891b3c54bc3a3d4daed08460b5b phase=speed_test event=progress.updated] 测速  1934/2371 (81%)  有效 219  失败 1715  广东体育
2026-09-25T11:45:11+00:00 INFO    [run=92d7f891b3c54bc3a3d4daed08460b5b phase=speed_test event=progress.updated] 测速  1995/2371 (84%)  有效 229  失败 1766  五星体育
2026-09-25T11:45:41+00:00 INFO    [run=92d7f891b3c54bc3a3d4daed08460b5b phase=speed_test event=progress.updated] 测速  2056/2371 (86%)  有效 231  失败 1825  天元围棋
2026-09-25T11:45:52+00:00 INFO    [run=92d7f891b3c54bc3a3d4daed08460b5b phase=speed_test event=speed_test.artifacts_written] 测速明细已写入 output/log/speed_test.log，有效结果已写入 output/log/result.log
2026-09-25T11:45:52+00:00 INFO    [run=92d7f891b3c54bc3a3d4daed08460b5b phase=speed_test event=progress.finished] 测速  2371/2371  有效 231  失败 1844
2026-09-25T11:45:54+00:00 INFO    [run=92d7f891b3c54bc3a3d4daed08460b5b phase=output event=output.written] 结果文件生成完成：更新 3 个文件
2026-09-25T11:45:56+00:00 INFO    [run=92d7f891b3c54bc3a3d4daed08460b5b phase=statistics event=statistics.finished] 频道统计完成：测试 2075，有效 231
2026-09-25T11:45:56+00:00 INFO    [run=92d7f891b3c54bc3a3d4daed08460b5b phase=complete event=run.summary] 更新摘要
2026-09-25T11:45:56+00:00 INFO    [run=92d7f891b3c54bc3a3d4daed08460b5b phase=complete event=run.finished] 更新完成！总耗时：18:52
2026-09-26T00:48:08+00:00 INFO    [event=application.started] IPTV-API 版本: 3.0.0 (构建时间: 2026-08-07 11:45:59)
2026-09-26T00:48:08+00:00 INFO    [phase=prepare event=network.ipv6.checking] 🛜 正在检查当前网络是否支持IPv6...
2026-09-26T00:48:08+00:00 WARNING [phase=prepare event=network.ipv6.unsupported] 当前网络不支持IPv6，别担心，IPv6的结果会被保存下来
2026-09-26T00:48:08+00:00 INFO    [run=f7937f49f9ff491e8075612a50b1e9d3 phase=prepare event=run.started] 性能模式: auto → balance，可用资源: 4.0 CPU / 15.61 GB，并发: 测速 8、媒体探测 2、源抓取 8
2026-09-26T00:48:08+00:00 INFO    [run=f7937f49f9ff491e8075612a50b1e9d3 phase=prepare event=channels.catalog_loaded] 频道目录已加载：白名单 0，黑名单 2，台标 21
2026-09-26T00:48:09+00:00 INFO    [run=f7937f49f9ff491e8075612a50b1e9d3 phase=fetch event=sources.subscribe.summary] 订阅源数量：33，订阅白名单数量：0，停用地址数量：3，有效总数量：33
2026-09-26T00:48:09+00:00 INFO    [run=f7937f49f9ff491e8075612a50b1e9d3 phase=fetch event=progress.started] 正在进行获取订阅源  0/33
2026-09-26T00:48:10+00:00 INFO    [run=f7937f49f9ff491e8075612a50b1e9d3 phase=fetch event=progress.updated] 正在进行获取订阅源  1/33 (3%)  剩余 32
2026-09-26T00:48:10+00:00 INFO    [run=f7937f49f9ff491e8075612a50b1e9d3 phase=fetch event=progress.updated] 正在进行获取订阅源  5/33 (15%)  剩余 28
2026-09-26T00:48:11+00:00 INFO    [run=f7937f49f9ff491e8075612a50b1e9d3 phase=fetch event=progress.updated] 正在进行获取订阅源  9/33 (27%)  剩余 24
2026-09-26T00:48:11+00:00 INFO    [run=f7937f49f9ff491e8075612a50b1e9d3 phase=fetch event=progress.updated] 正在进行获取订阅源  13/33 (39%)  剩余 20
2026-09-26T00:48:11+00:00 WARNING [run=f7937f49f9ff491e8075612a50b1e9d3 phase=fetch event=source.disabled] 订阅源地址已自动停用：https://raw.githubusercontent.com/ssili126/tv/main/itvlist.txt（没有匹配到符合条件的值）
2026-09-26T00:48:12+00:00 INFO    [run=f7937f49f9ff491e8075612a50b1e9d3 phase=fetch event=progress.updated] 正在进行获取订阅源  17/33 (51%)  剩余 16
2026-09-26T00:48:12+00:00 INFO    [run=f7937f49f9ff491e8075612a50b1e9d3 phase=fetch event=progress.updated] 正在进行获取订阅源  21/33 (63%)  剩余 12
2026-09-26T00:48:13+00:00 INFO    [run=f7937f49f9ff491e8075612a50b1e9d3 phase=fetch event=progress.updated] 正在进行获取订阅源  25/33 (75%)  剩余 8
2026-09-26T00:48:13+00:00 INFO    [run=f7937f49f9ff491e8075612a50b1e9d3 phase=fetch event=progress.updated] 正在进行获取订阅源  29/33 (87%)  剩余 4
2026-09-26T00:48:14+00:00 INFO    [run=f7937f49f9ff491e8075612a50b1e9d3 phase=fetch event=progress.updated] 正在进行获取订阅源  33/33 (100%)  剩余 0
2026-09-26T00:48:14+00:00 INFO    [run=f7937f49f9ff491e8075612a50b1e9d3 phase=fetch event=sources.subscribe.finished] 订阅源: ✅ 有效地址数量：32，⛔ 停用地址数量：1
2026-09-26T00:48:14+00:00 INFO    [run=f7937f49f9ff491e8075612a50b1e9d3 phase=fetch event=sources.subscribe.epg_discovered] 📡 从订阅源中发现 9 个 EPG 地址
2026-09-26T00:48:14+00:00 INFO    [run=f7937f49f9ff491e8075612a50b1e9d3 phase=fetch event=progress.finished] 正在进行获取订阅源  33/33  未匹配 162
2026-09-26T00:48:15+00:00 INFO    [run=f7937f49f9ff491e8075612a50b1e9d3 phase=fetch event=sources.epg.summary] EPG源数量：6，EPG白名单数量：0，停用地址数量：0，有效总数量：9
2026-09-26T00:48:15+00:00 INFO    [run=f7937f49f9ff491e8075612a50b1e9d3 phase=fetch event=progress.started] 正在进行获取EPG源  0/9
2026-09-26T00:48:16+00:00 INFO    [run=f7937f49f9ff491e8075612a50b1e9d3 phase=fetch event=epg.source_parsed] EPG 源解析完成：http://e.erw.cc/e.xml.gz，保留节目 17996 条
2026-09-26T00:48:16+00:00 INFO    [run=f7937f49f9ff491e8075612a50b1e9d3 phase=fetch event=progress.updated] 正在进行获取EPG源  1/9 (11%)  剩余 8
2026-09-26T00:48:34+00:00 INFO    [run=f7937f49f9ff491e8075612a50b1e9d3 phase=fetch event=epg.source_parsed] EPG 源解析完成：http://epg.cdn.loc.cc/xml/，保留节目 137106 条
2026-09-26T00:48:34+00:00 INFO    [run=f7937f49f9ff491e8075612a50b1e9d3 phase=fetch event=progress.updated] 正在进行获取EPG源  2/9 (22%)  剩余 7
2026-09-26T00:48:47+00:00 INFO    [run=f7937f49f9ff491e8075612a50b1e9d3 phase=fetch event=epg.source_parsed] EPG 源解析完成：https://gitee.com/taksssss/tv/raw/main/epg/erw.xml.gz，保留节目 30462 条
2026-09-26T00:48:47+00:00 INFO    [run=f7937f49f9ff491e8075612a50b1e9d3 phase=fetch event=progress.updated] 正在进行获取EPG源  3/9 (33%)  剩余 6
2026-09-26T00:49:07+00:00 INFO    [run=f7937f49f9ff491e8075612a50b1e9d3 phase=fetch event=epg.source_parsed] EPG 源解析完成：https://tv.mxdyeah.top/epgphp/t.xml.gz，保留节目 177913 条
2026-09-26T00:49:07+00:00 INFO    [run=f7937f49f9ff491e8075612a50b1e9d3 phase=fetch event=progress.updated] 正在进行获取EPG源  4/9 (44%)  剩余 5
2026-09-26T00:49:09+00:00 INFO    [run=f7937f49f9ff491e8075612a50b1e9d3 phase=fetch event=epg.source_parsed] EPG 源解析完成：http://epg.51zmt.top:8000/e.xml.gz，保留节目 7000 条
2026-09-26T00:49:09+00:00 INFO    [run=f7937f49f9ff491e8075612a50b1e9d3 phase=fetch event=progress.updated] 正在进行获取EPG源  5/9 (55%)  剩余 4
2026-09-26T00:49:14+00:00 INFO    [run=f7937f49f9ff491e8075612a50b1e9d3 phase=fetch event=epg.source_parsed] EPG 源解析完成：https://epg.136605.xyz/9days.xml.gz，保留节目 22250 条
2026-09-26T00:49:14+00:00 INFO    [run=f7937f49f9ff491e8075612a50b1e9d3 phase=fetch event=progress.updated] 正在进行获取EPG源  6/9 (66%)  剩余 3
2026-09-26T00:49:15+00:00 WARNING [run=f7937f49f9ff491e8075612a50b1e9d3 phase=fetch event=request.retrying] 🔄 请求http://epg.51zmt.top:8000/e.xml失败，正在进行第1次重试...
2026-09-26T00:49:15+00:00 ERROR   [run=f7937f49f9ff491e8075612a50b1e9d3 phase=fetch event=source.parse_failed] http://epg.51zmt.top:8000/e.xml 出错：❌ 请求http://epg.51zmt.top:8000/e.xml失败，已达到最大重试次数
2026-09-26T00:49:15+00:00 WARNING [run=f7937f49f9ff491e8075612a50b1e9d3 phase=fetch event=source.disabled] EPG源地址已自动停用：http://epg.51zmt.top:8000/e.xml（请求失败）
2026-09-26T00:49:15+00:00 INFO    [run=f7937f49f9ff491e8075612a50b1e9d3 phase=fetch event=progress.updated] 正在进行获取EPG源  7/9 (77%)  剩余 2
2026-09-26T00:49:15+00:00 WARNING [run=f7937f49f9ff491e8075612a50b1e9d3 phase=fetch event=request.retrying] 🔄 请求https://gh-proxy.com/https://raw.githubusercontent.com/Guovin/iptv-api/refs/heads/master/output/epg/epg.gz失败，正在进行第1次重试...
2026-09-26T00:49:15+00:00 ERROR   [run=f7937f49f9ff491e8075612a50b1e9d3 phase=fetch event=source.parse_failed] https://gh-proxy.com/https://raw.githubusercontent.com/Guovin/iptv-api/refs/heads/master/output/epg/epg.gz 出错：❌ 请求https://gh-proxy.com/https://raw.githubusercontent.com/Guovin/iptv-api/refs/heads/master/output/epg/epg.gz失败，已达到最大重试次数
2026-09-26T00:49:15+00:00 WARNING [run=f7937f49f9ff491e8075612a50b1e9d3 phase=fetch event=source.disabled] EPG源地址已自动停用：https://gh-proxy.com/https://raw.githubusercontent.com/Guovin/iptv-api/refs/heads/master/output/epg/epg.gz（请求失败）
2026-09-26T00:49:15+00:00 INFO    [run=f7937f49f9ff491e8075612a50b1e9d3 phase=fetch event=progress.updated] 正在进行获取EPG源  8/9 (88%)  剩余 1
2026-09-26T00:49:17+00:00 INFO    [run=f7937f49f9ff491e8075612a50b1e9d3 phase=fetch event=epg.source_parsed] EPG 源解析完成：https://ghfast.top/https://github.com/CCSH/IPTV/raw/refs/heads/main/e.xml.gz，保留节目 14394 条
2026-09-26T00:49:17+00:00 INFO    [run=f7937f49f9ff491e8075612a50b1e9d3 phase=fetch event=progress.updated] 正在进行获取EPG源  9/9 (100%)  剩余 0
2026-09-26T00:49:18+00:00 INFO    [run=f7937f49f9ff491e8075612a50b1e9d3 phase=fetch event=sources.epg.finished] EPG源: ✅ 有效地址数量：6，⛔ 停用地址数量：0
2026-09-26T00:49:18+00:00 INFO    [run=f7937f49f9ff491e8075612a50b1e9d3 phase=fetch event=progress.finished] 正在进行获取EPG源  9/9  匹配 1704 个频道
2026-09-26T00:50:17+00:00 INFO    [run=f7937f49f9ff491e8075612a50b1e9d3 phase=aggregate event=channels.aggregated] 频道数据聚合完成：108 个频道，17009 个接口（IPv4 15066 / IPv6 1943）
2026-09-26T00:50:17+00:00 INFO    [run=f7937f49f9ff491e8075612a50b1e9d3 phase=speed_test event=speed_test.planned] 总接口数量: 2484, 需要进行测速的接口数量: 2230
2026-09-26T00:50:17+00:00 INFO    [run=f7937f49f9ff491e8075612a50b1e9d3 phase=speed_test event=progress.started] 测速  0/2230
2026-09-26T00:50:17+00:00 INFO    [run=f7937f49f9ff491e8075612a50b1e9d3 phase=speed_test event=progress.updated] 测速  1/2230 (0%)  有效 0  失败 1  CCTV-1
2026-09-26T00:50:48+00:00 INFO    [run=f7937f49f9ff491e8075612a50b1e9d3 phase=speed_test event=progress.updated] 测速  93/2230 (4%)  有效 18  失败 75  CCTV-4
2026-09-26T00:51:18+00:00 INFO    [run=f7937f49f9ff491e8075612a50b1e9d3 phase=speed_test event=progress.updated] 测速  177/2230 (7%)  有效 25  失败 152  CCTV-5+
2026-09-26T00:51:48+00:00 INFO    [run=f7937f49f9ff491e8075612a50b1e9d3 phase=speed_test event=progress.updated] 测速  269/2230 (12%)  有效 35  失败 234  CCTV-7
2026-09-26T00:52:18+00:00 INFO    [run=f7937f49f9ff491e8075612a50b1e9d3 phase=speed_test event=progress.updated] 测速  367/2230 (16%)  有效 53  失败 314  CCTV-11
2026-09-26T00:52:48+00:00 INFO    [run=f7937f49f9ff491e8075612a50b1e9d3 phase=speed_test event=progress.updated] 测速  468/2230 (20%)  有效 67  失败 401  CCTV-13
2026-09-26T00:53:19+00:00 INFO    [run=f7937f49f9ff491e8075612a50b1e9d3 phase=speed_test event=progress.updated] 测速  555/2230 (24%)  有效 74  失败 481  CCTV-15
2026-09-26T00:53:49+00:00 INFO    [run=f7937f49f9ff491e8075612a50b1e9d3 phase=speed_test event=progress.updated] 测速  660/2230 (29%)  有效 90  失败 570  CETV-2
2026-09-26T00:54:19+00:00 INFO    [run=f7937f49f9ff491e8075612a50b1e9d3 phase=speed_test event=progress.updated] 测速  755/2230 (33%)  有效 98  失败 657  浙江卫视
2026-09-26T00:54:50+00:00 INFO    [run=f7937f49f9ff491e8075612a50b1e9d3 phase=speed_test event=progress.updated] 测速  890/2230 (39%)  有效 144  失败 746  东方卫视
2026-09-26T00:55:20+00:00 INFO    [run=f7937f49f9ff491e8075612a50b1e9d3 phase=speed_test event=progress.updated] 测速  964/2230 (43%)  有效 152  失败 812  甘肃卫视
2026-09-26T00:55:52+00:00 INFO    [run=f7937f49f9ff491e8075612a50b1e9d3 phase=speed_test event=progress.updated] 测速  1051/2230 (47%)  有效 165  失败 886  海南卫视
2026-09-26T00:56:22+00:00 INFO    [run=f7937f49f9ff491e8075612a50b1e9d3 phase=speed_test event=progress.updated] 测速  1154/2230 (51%)  有效 189  失败 965  江苏卫视
2026-09-26T00:56:52+00:00 INFO    [run=f7937f49f9ff491e8075612a50b1e9d3 phase=speed_test event=progress.updated] 测速  1257/2230 (56%)  有效 215  失败 1042  青海卫视
2026-09-26T00:57:24+00:00 INFO    [run=f7937f49f9ff491e8075612a50b1e9d3 phase=speed_test event=progress.updated] 测速  1357/2230 (60%)  有效 238  失败 1119  深圳卫视
2026-09-26T00:57:54+00:00 INFO    [run=f7937f49f9ff491e8075612a50b1e9d3 phase=speed_test event=progress.updated] 测速  1455/2230 (65%)  有效 259  失败 1196  新疆卫视
2026-09-26T00:58:24+00:00 INFO    [run=f7937f49f9ff491e8075612a50b1e9d3 phase=speed_test event=progress.updated] 测速  1532/2230 (68%)  有效 266  失败 1266  大湾区卫视
2026-09-26T00:58:54+00:00 INFO    [run=f7937f49f9ff491e8075612a50b1e9d3 phase=speed_test event=progress.updated] 测速  1596/2230 (71%)  有效 269  失败 1327  江苏体育
2026-09-26T00:59:10+00:00 INFO    [run=f7937f49f9ff491e8075612a50b1e9d3 phase=speed_test event=speed_test.artifacts_written] 测速明细已写入 output/log/speed_test.log，有效结果已写入 output/log/result.log
2026-09-26T00:59:10+00:00 INFO    [run=f7937f49f9ff491e8075612a50b1e9d3 phase=speed_test event=progress.finished] 测速  2230/2230  有效 275  失败 1361
2026-09-26T00:59:12+00:00 INFO    [run=f7937f49f9ff491e8075612a50b1e9d3 phase=output event=output.written] 结果文件生成完成：更新 3 个文件
2026-09-26T00:59:14+00:00 INFO    [run=f7937f49f9ff491e8075612a50b1e9d3 phase=statistics event=statistics.finished] 频道统计完成：测试 1636，有效 275
2026-09-26T00:59:14+00:00 INFO    [run=f7937f49f9ff491e8075612a50b1e9d3 phase=complete event=run.summary] 更新摘要
2026-09-26T00:59:14+00:00 INFO    [run=f7937f49f9ff491e8075612a50b1e9d3 phase=complete event=run.finished] 更新完成！总耗时：11:06
