分类: 📺央视频道, 名称: CCTV-1, 有效: 3, IPv4: 47, IPv6: 0, 最小延迟: 37 ms, 最高速率: 0.58 MiB/s, 平均速率: 0.46 MiB/s, 最高分辨率: 1920x1080, 平均帧率: 25.0, 视频编解码器: h264, 音频编解码器: aac
分类: 📺央视频道, 名称: CCTV-2, 有效: 5, IPv4: 32, IPv6: 0, 最小延迟: 38 ms, 最高速率: 0.75 MiB/s, 平均速率: 0.32 MiB/s, 最高分辨率: 1920x1080, 平均帧率: 25.0, 视频编解码器: h264, 音频编解码器: aac
分类: 📺央视频道, 名称: CCTV-3, 有效: 3, IPv4: 46, IPv6: 0, 最小延迟: 9 ms, 最高速率: 19.93 MiB/s, 平均速率: 2.65 MiB/s, 最高分辨率: 1920x1080, 平均帧率: 25.0, 视频编解码器: h264, 音频编解码器: aac
分类: 📺央视频道, 名称: CCTV-4, 有效: 4, IPv4: 51, IPv6: 0, 最小延迟: 8 ms, 最高速率: 21.49 MiB/s, 平均速率: 3.06 MiB/s, 最高分辨率: 1920x1080, 平均帧率: 25.0, 视频编解码器: h264, 音频编解码器: aac
分类: 📺央视频道, 名称: CCTV-5, 有效: 2, IPv4: 45, IPv6: 0, 最小延迟: 57 ms, 最高速率: 3.34 MiB/s, 平均速率: 0.39 MiB/s, 最高分辨率: 1920x1080, 平均帧率: 25.0, 视频编解码器: h264, 音频编解码器: aac
分类: 📺央视频道, 名称: CCTV-5+, 有效: 2, IPv4: 42, IPv6: 0, 最小延迟: 61 ms, 最高速率: 0.33 MiB/s, 平均速率: 0.33 MiB/s, 最高分辨率: 1920x1080, 平均帧率: 25.0, 视频编解码器: h264, 音频编解码器: mp2
分类: 📺央视频道, 名称: CCTV-6, 有效: 4, IPv4: 49, IPv6: 0, 最小延迟: 39 ms, 最高速率: 0.50 MiB/s, 平均速率: 0.39 MiB/s, 最高分辨率: 1920x1080, 平均帧率: 25.0, 视频编解码器: h264, 音频编解码器: aac
分类: 📺央视频道, 名称: CCTV-7, 有效: 3, IPv4: 46, IPv6: 0, 最小延迟: 55 ms, 最高速率: 0.57 MiB/s, 平均速率: 0.44 MiB/s, 最高分辨率: 1920x1080, 平均帧率: 25.0, 视频编解码器: h264, 音频编解码器: aac
分类: 📺央视频道, 名称: CCTV-8, 有效: 5, IPv4: 34, IPv6: 0, 最小延迟: 8 ms, 最高速率: 21.72 MiB/s, 平均速率: 0.35 MiB/s, 最高分辨率: 1920x1080, 平均帧率: 25.0, 视频编解码器: h264, 音频编解码器: aac
分类: 📺央视频道, 名称: CCTV-9, 有效: 3, IPv4: 52, IPv6: 0, 最小延迟: 37 ms, 最高速率: 5.46 MiB/s, 平均速率: 0.50 MiB/s, 最高分辨率: 1920x1080, 平均帧率: 25.0, 视频编解码器: h264, 音频编解码器: aac
分类: 📺央视频道, 名称: CCTV-10, 有效: 4, IPv4: 49, IPv6: 0, 最小延迟: 36 ms, 最高速率: 7.80 MiB/s, 平均速率: 0.48 MiB/s, 最高分辨率: 1920x1080, 平均帧率: 25.0, 视频编解码器: h264, 音频编解码器: aac
分类: 📺央视频道, 名称: CCTV-11, 有效: 4, IPv4: 47, IPv6: 0, 最小延迟: 55 ms, 最高速率: 2.59 MiB/s, 平均速率: 0.95 MiB/s, 最高分辨率: 1920x1080, 平均帧率: 25.0, 视频编解码器: h264, 音频编解码器: aac
分类: 📺央视频道, 名称: CCTV-12, 有效: 5, IPv4: 50, IPv6: 0, 最小延迟: 55 ms, 最高速率: 2.68 MiB/s, 平均速率: 0.82 MiB/s, 最高分辨率: 1920x1080, 平均帧率: 30.0, 视频编解码器: h264, 音频编解码器: aac
分类: 📺央视频道, 名称: CCTV-13, 有效: 3, IPv4: 46, IPv6: 0, 最小延迟: 57 ms, 最高速率: 0.70 MiB/s, 平均速率: 0.50 MiB/s, 最高分辨率: 1920x1080, 平均帧率: 33.33, 视频编解码器: h264, 音频编解码器: aac
分类: 📺央视频道, 名称: CCTV-14, 有效: 4, IPv4: 47, IPv6: 0, 最小延迟: 54 ms, 最高速率: 1.70 MiB/s, 平均速率: 0.76 MiB/s, 最高分辨率: 1920x1080, 平均帧率: 25.0, 视频编解码器: h264, 音频编解码器: aac
分类: 📺央视频道, 名称: CCTV-15, 有效: 2, IPv4: 47, IPv6: 0, 最小延迟: 52 ms, 最高速率: 4.33 MiB/s, 平均速率: 0.30 MiB/s, 最高分辨率: 1920x1080, 平均帧率: 40.0, 视频编解码器: h264, 音频编解码器: aac
分类: 📺央视频道, 名称: CCTV-16, 有效: 4, IPv4: 34, IPv6: 0, 最小延迟: 55 ms, 最高速率: 2.35 MiB/s, 平均速率: 0.27 MiB/s, 最高分辨率: 1920x1080, 平均帧率: 25.0, 视频编解码器: h264, 音频编解码器: aac
分类: 📺央视频道, 名称: CCTV-17, 有效: 5, IPv4: 25, IPv6: 0, 最小延迟: 55 ms, 最高速率: 31.78 MiB/s, 平均速率: 13.16 MiB/s, 最高分辨率: 1920x1080, 平均帧率: 25.0, 视频编解码器: h264, 音频编解码器: aac
分类: 📺央视频道, 名称: CETV-1, 有效: 6, IPv4: 13, IPv6: 0, 最小延迟: 37 ms, 最高速率: 4.25 MiB/s, 平均速率: 2.10 MiB/s, 最高分辨率: 1920x1080, 平均帧率: 25.0, 视频编解码器: rawvideo, 音频编解码器: 未知
分类: 📺央视频道, 名称: CETV-2, 有效: 0, IPv4: 27, IPv6: 0, 最小延迟: 37 ms, 最高速率: 3.89 MiB/s, 平均速率: 0.00 MiB/s, 最高分辨率: 720x576, 平均帧率: 25.0, 视频编解码器: rawvideo, 音频编解码器: aac
分类: 📺央视频道, 名称: CETV-3, 有效: 1, IPv4: 6, IPv6: 0, 最小延迟: 53 ms, 最高速率: 3.39 MiB/s, 平均速率: 0.24 MiB/s, 最高分辨率: 720x576, 平均帧率: 25.0, 视频编解码器: h264, 音频编解码器: aac
分类: 📺央视频道, 名称: CETV-4, 有效: 0, IPv4: 24, IPv6: 0, 最小延迟: 36 ms, 最高速率: 12.90 MiB/s, 平均速率: 0.00 MiB/s, 最高分辨率: 720x576, 平均帧率: 25.0, 视频编解码器: h264, 音频编解码器: aac
分类: 📡卫视频道, 名称: 广东卫视, 有效: 4, IPv4: 43, IPv6: 0, 最小延迟: 54 ms, 最高速率: 7.49 MiB/s, 平均速率: 0.47 MiB/s, 最高分辨率: 1920x1080, 平均帧率: 33.33, 视频编解码器: h264, 音频编解码器: aac
分类: 📡卫视频道, 名称: 香港卫视, 有效: 0, IPv4: 5, IPv6: 0, 最小延迟: 8 ms, 最高速率: 20.40 MiB/s, 平均速率: 0.00 MiB/s, 最高分辨率: 19x24, 平均帧率: 25.0, 视频编解码器: rawvideo, 音频编解码器: 未知
分类: 📡卫视频道, 名称: 浙江卫视, 有效: 7, IPv4: 16, IPv6: 0, 最小延迟: 53 ms, 最高速率: 4.65 MiB/s, 平均速率: 1.14 MiB/s, 最高分辨率: 1920x1080, 平均帧率: 37.5, 视频编解码器: rawvideo, 音频编解码器: mp2
分类: 📡卫视频道, 名称: 湖南卫视, 有效: 8, IPv4: 15, IPv6: 0, 最小延迟: 7 ms, 最高速率: 74.60 MiB/s, 平均速率: 13.49 MiB/s, 最高分辨率: 3840x2160, 平均帧率: 25.0, 视频编解码器: h264, 音频编解码器: aac
分类: 📡卫视频道, 名称: 北京卫视, 有效: 6, IPv4: 15, IPv6: 0, 最小延迟: 43 ms, 最高速率: 1.90 MiB/s, 平均速率: 0.61 MiB/s, 最高分辨率: 1920x1080, 平均帧率: 25.0, 视频编解码器: h264, 音频编解码器: aac
分类: 📡卫视频道, 名称: 湖北卫视, 有效: 6, IPv4: 24, IPv6: 0, 最小延迟: 39 ms, 最高速率: 0.37 MiB/s, 平均速率: 0.30 MiB/s, 最高分辨率: 1920x1080, 平均帧率: 25.0, 视频编解码器: h264, 音频编解码器: aac
分类: 📡卫视频道, 名称: 黑龙江卫视, 有效: 3, IPv4: 40, IPv6: 0, 最小延迟: 54 ms, 最高速率: 0.37 MiB/s, 平均速率: 0.29 MiB/s, 最高分辨率: 1920x1080, 平均帧率: 50.0, 视频编解码器: h264, 音频编解码器: mp2
分类: 📡卫视频道, 名称: 安徽卫视, 有效: 6, IPv4: 25, IPv6: 0, 最小延迟: 24 ms, 最高速率: 0.66 MiB/s, 平均速率: 0.40 MiB/s, 最高分辨率: 1920x1080, 平均帧率: 25.0, 视频编解码器: h264, 音频编解码器: aac
分类: 📡卫视频道, 名称: 重庆卫视, 有效: 3, IPv4: 40, IPv6: 0, 最小延迟: 25 ms, 最高速率: 2.86 MiB/s, 平均速率: 0.30 MiB/s, 最高分辨率: 1920x1080, 平均帧率: 25.0, 视频编解码器: rawvideo, 音频编解码器: aac
分类: 📡卫视频道, 名称: 东方卫视, 有效: 6, IPv4: 44, IPv6: 0, 最小延迟: 58 ms, 最高速率: 2.93 MiB/s, 平均速率: 0.33 MiB/s, 最高分辨率: 1920x1080, 平均帧率: 41.67, 视频编解码器: h264, 音频编解码器: mp2
分类: 📡卫视频道, 名称: 东南卫视, 有效: 3, IPv4: 43, IPv6: 0, 最小延迟: 8 ms, 最高速率: 20.23 MiB/s, 平均速率: 0.26 MiB/s, 最高分辨率: 1920x1080, 平均帧率: 31.25, 视频编解码器: h264, 音频编解码器: aac
分类: 📡卫视频道, 名称: 甘肃卫视, 有效: 3, IPv4: 35, IPv6: 0, 最小延迟: 56 ms, 最高速率: 0.73 MiB/s, 平均速率: 0.42 MiB/s, 最高分辨率: 1920x1080, 平均帧率: 未知, 视频编解码器: 未知, 音频编解码器: 未知
分类: 📡卫视频道, 名称: 广西卫视, 有效: 4, IPv4: 41, IPv6: 0, 最小延迟: 54 ms, 最高速率: 0.41 MiB/s, 平均速率: 0.27 MiB/s, 最高分辨率: 3840x2160, 平均帧率: 41.67, 视频编解码器: h264, 音频编解码器: aac
分类: 📡卫视频道, 名称: 贵州卫视, 有效: 3, IPv4: 40, IPv6: 0, 最小延迟: 56 ms, 最高速率: 31.34 MiB/s, 平均速率: 10.81 MiB/s, 最高分辨率: 1920x1080, 平均帧率: 37.5, 视频编解码器: h264, 音频编解码器: aac
分类: 📡卫视频道, 名称: 海南卫视, 有效: 3, IPv4: 33, IPv6: 0, 最小延迟: 25 ms, 最高速率: 0.36 MiB/s, 平均速率: 0.32 MiB/s, 最高分辨率: 1920x1080, 平均帧率: 未知, 视频编解码器: 未知, 音频编解码器: 未知
分类: 📡卫视频道, 名称: 河北卫视, 有效: 4, IPv4: 39, IPv6: 0, 最小延迟: 43 ms, 最高速率: 2.96 MiB/s, 平均速率: 0.70 MiB/s, 最高分辨率: 1920x1080, 平均帧率: 37.5, 视频编解码器: h264, 音频编解码器: aac
分类: 📡卫视频道, 名称: 河南卫视, 有效: 3, IPv4: 45, IPv6: 0, 最小延迟: 54 ms, 最高速率: 2.24 MiB/s, 平均速率: 0.91 MiB/s, 最高分辨率: 1920x1080, 平均帧率: 25.0, 视频编解码器: h264, 音频编解码器: aac
分类: 📡卫视频道, 名称: 吉林卫视, 有效: 6, IPv4: 31, IPv6: 0, 最小延迟: 8 ms, 最高速率: 19.51 MiB/s, 平均速率: 0.36 MiB/s, 最高分辨率: 1920x1080, 平均帧率: 33.33, 视频编解码器: h264, 音频编解码器: mp2
分类: 📡卫视频道, 名称: 江苏卫视, 有效: 7, IPv4: 33, IPv6: 0, 最小延迟: 53 ms, 最高速率: 7.70 MiB/s, 平均速率: 0.38 MiB/s, 最高分辨率: 1920x1080, 平均帧率: 35.0, 视频编解码器: h264, 音频编解码器: mp2
分类: 📡卫视频道, 名称: 江西卫视, 有效: 5, IPv4: 32, IPv6: 0, 最小延迟: 24 ms, 最高速率: 30.67 MiB/s, 平均速率: 7.12 MiB/s, 最高分辨率: 1920x1080, 平均帧率: 33.33, 视频编解码器: h264, 音频编解码器: aac
分类: 📡卫视频道, 名称: 辽宁卫视, 有效: 2, IPv4: 39, IPv6: 0, 最小延迟: 25 ms, 最高速率: 0.80 MiB/s, 平均速率: 0.58 MiB/s, 最高分辨率: 1920x1080, 平均帧率: 未知, 视频编解码器: 未知, 音频编解码器: 未知
分类: 📡卫视频道, 名称: 内蒙古卫视, 有效: 4, IPv4: 32, IPv6: 0, 最小延迟: 61 ms, 最高速率: 33.43 MiB/s, 平均速率: 16.30 MiB/s, 最高分辨率: 1920x1080, 平均帧率: 未知, 视频编解码器: 未知, 音频编解码器: 未知
分类: 📡卫视频道, 名称: 宁夏卫视, 有效: 5, IPv4: 20, IPv6: 0, 最小延迟: 59 ms, 最高速率: 26.21 MiB/s, 平均速率: 15.29 MiB/s, 最高分辨率: 1920x1080, 平均帧率: 25.0, 视频编解码器: h264, 音频编解码器: aac
分类: 📡卫视频道, 名称: 青海卫视, 有效: 4, IPv4: 32, IPv6: 0, 最小延迟: 58 ms, 最高速率: 0.77 MiB/s, 平均速率: 0.42 MiB/s, 最高分辨率: 1920x1080, 平均帧率: 25.0, 视频编解码器: h264, 音频编解码器: aac
分类: 📡卫视频道, 名称: 山东卫视, 有效: 6, IPv4: 22, IPv6: 0, 最小延迟: 53 ms, 最高速率: 2.25 MiB/s, 平均速率: 0.76 MiB/s, 最高分辨率: 1920x1080, 平均帧率: 25.0, 视频编解码器: h264, 音频编解码器: aac
分类: 📡卫视频道, 名称: 山西卫视, 有效: 4, IPv4: 39, IPv6: 0, 最小延迟: 55 ms, 最高速率: 35.44 MiB/s, 平均速率: 16.34 MiB/s, 最高分辨率: 1920x1080, 平均帧率: 33.33, 视频编解码器: h264, 音频编解码器: aac
分类: 📡卫视频道, 名称: 陕西卫视, 有效: 6, IPv4: 18, IPv6: 0, 最小延迟: 55 ms, 最高速率: 6.28 MiB/s, 平均速率: 2.02 MiB/s, 最高分辨率: 1920x1080, 平均帧率: 25.0, 视频编解码器: h264, 音频编解码器: aac
分类: 📡卫视频道, 名称: 四川卫视, 有效: 4, IPv4: 43, IPv6: 0, 最小延迟: 57 ms, 最高速率: 32.73 MiB/s, 平均速率: 15.47 MiB/s, 最高分辨率: 1920x1080, 平均帧率: 50.0, 视频编解码器: h264, 音频编解码器: aac
分类: 📡卫视频道, 名称: 深圳卫视, 有效: 4, IPv4: 43, IPv6: 0, 最小延迟: 25 ms, 最高速率: 1.04 MiB/s, 平均速率: 0.53 MiB/s, 最高分辨率: 1920x1080, 平均帧率: 25.0, 视频编解码器: h264, 音频编解码器: aac
分类: 📡卫视频道, 名称: 三沙卫视, 有效: 0, IPv4: 22, IPv6: 0, 最小延迟: 54 ms, 最高速率: 0.61 MiB/s, 平均速率: 0.00 MiB/s, 最高分辨率: 720x576, 平均帧率: 25.0, 视频编解码器: h264, 音频编解码器: mp2
分类: 📡卫视频道, 名称: 天津卫视, 有效: 5, IPv4: 22, IPv6: 0, 最小延迟: 55 ms, 最高速率: 1.09 MiB/s, 平均速率: 0.58 MiB/s, 最高分辨率: 1920x1080, 平均帧率: 50.0, 视频编解码器: h264, 音频编解码器: mp2
分类: 📡卫视频道, 名称: 西藏卫视, 有效: 4, IPv4: 36, IPv6: 0, 最小延迟: 58 ms, 最高速率: 28.60 MiB/s, 平均速率: 7.61 MiB/s, 最高分辨率: 1920x1080, 平均帧率: 25.0, 视频编解码器: h264, 音频编解码器: aac
分类: 📡卫视频道, 名称: 新疆卫视, 有效: 5, IPv4: 15, IPv6: 0, 最小延迟: 55 ms, 最高速率: 9.47 MiB/s, 平均速率: 2.54 MiB/s, 最高分辨率: 1920x1080, 平均帧率: 未知, 视频编解码器: 未知, 音频编解码器: 未知
分类: 📡卫视频道, 名称: 云南卫视, 有效: 4, IPv4: 39, IPv6: 0, 最小延迟: 54 ms, 最高速率: 3.82 MiB/s, 平均速率: 1.22 MiB/s, 最高分辨率: 1920x1080, 平均帧率: 50.0, 视频编解码器: h264, 音频编解码器: aac
分类: ☘️广东频道, 名称: 广东珠江, 有效: 2, IPv4: 16, IPv6: 0, 最小延迟: 37 ms, 最高速率: 0.41 MiB/s, 平均速率: 0.40 MiB/s, 最高分辨率: 1280x720, 平均帧率: 41.67, 视频编解码器: hevc, 音频编解码器: eac3
分类: ☘️广东频道, 名称: 广东体育, 有效: 2, IPv4: 12, IPv6: 0, 最小延迟: 100 ms, 最高速率: 0.36 MiB/s, 平均速率: 0.36 MiB/s, 最高分辨率: —, 平均帧率: 25.0, 视频编解码器: h264, 音频编解码器: mp2
分类: ☘️广东频道, 名称: 广东新闻, 有效: 2, IPv4: 15, IPv6: 0, 最小延迟: 57 ms, 最高速率: 0.59 MiB/s, 平均速率: 0.41 MiB/s, 最高分辨率: 1920x1080, 平均帧率: 25.0, 视频编解码器: h264, 音频编解码器: mp2
分类: ☘️广东频道, 名称: 广东民生, 有效: 0, IPv4: 6, IPv6: 0, 最小延迟: 195 ms, 最高速率: 0.05 MiB/s, 平均速率: 0.00 MiB/s, 最高分辨率: —, 平均帧率: 未知, 视频编解码器: 未知, 音频编解码器: 未知
分类: ☘️广东频道, 名称: 大湾区卫视, 有效: 4, IPv4: 18, IPv6: 0, 最小延迟: 57 ms, 最高速率: 0.81 MiB/s, 平均速率: 0.58 MiB/s, 最高分辨率: 1920x1080, 平均帧率: 31.25, 视频编解码器: h264, 音频编解码器: aac
分类: ☘️广东频道, 名称: 广州综合, 有效: 0, IPv4: 6, IPv6: 0, 最小延迟: 1250 ms, 最高速率: 0.27 MiB/s, 平均速率: 0.00 MiB/s, 最高分辨率: 1280x720, 平均帧率: 25.0, 视频编解码器: h264, 音频编解码器: aac
分类: ☘️广东频道, 名称: 广州竞赛, 有效: 0, IPv4: 1, IPv6: 0, 最小延迟: 364 ms, 最高速率: 0.00 MiB/s, 平均速率: 0.00 MiB/s, 最高分辨率: —, 平均帧率: 未知, 视频编解码器: 未知, 音频编解码器: 未知
分类: ☘️广东频道, 名称: 广州影视, 有效: 0, IPv4: 1, IPv6: 0, 最小延迟: — ms, 最高速率: 0.00 MiB/s, 平均速率: 0.00 MiB/s, 最高分辨率: —, 平均帧率: 未知, 视频编解码器: 未知, 音频编解码器: 未知
分类: ☘️广东频道, 名称: 江门综合, 有效: 0, IPv4: 1, IPv6: 0, 最小延迟: — ms, 最高速率: 0.00 MiB/s, 平均速率: 0.00 MiB/s, 最高分辨率: —, 平均帧率: 未知, 视频编解码器: 未知, 音频编解码器: 未知
分类: ☘️广东频道, 名称: 佛山综合, 有效: 0, IPv4: 1, IPv6: 0, 最小延迟: — ms, 最高速率: 0.00 MiB/s, 平均速率: 0.00 MiB/s, 最高分辨率: —, 平均帧率: 未知, 视频编解码器: 未知, 音频编解码器: 未知
分类: 🏀体育频道, 名称: 五星体育, 有效: 0, IPv4: 7, IPv6: 0, 最小延迟: 68 ms, 最高速率: 0.11 MiB/s, 平均速率: 0.00 MiB/s, 最高分辨率: —, 平均帧率: 未知, 视频编解码器: 未知, 音频编解码器: 未知
分类: 🏀体育频道, 名称: 劲爆体育, 有效: 0, IPv4: 4, IPv6: 0, 最小延迟: 671 ms, 最高速率: 0.02 MiB/s, 平均速率: 0.00 MiB/s, 最高分辨率: —, 平均帧率: 未知, 视频编解码器: 未知, 音频编解码器: 未知
分类: 🏀体育频道, 名称: 纬来体育, 有效: 0, IPv4: 6, IPv6: 0, 最小延迟: 137 ms, 最高速率: 0.00 MiB/s, 平均速率: 0.00 MiB/s, 最高分辨率: —, 平均帧率: 未知, 视频编解码器: 未知, 音频编解码器: 未知
分类: 🏀体育频道, 名称: 爱体育, 有效: 0, IPv4: 2, IPv6: 0, 最小延迟: — ms, 最高速率: 0.00 MiB/s, 平均速率: 0.00 MiB/s, 最高分辨率: —, 平均帧率: 未知, 视频编解码器: 未知, 音频编解码器: 未知
分类: 🏀体育频道, 名称: 超级体育, 有效: 0, IPv4: 5, IPv6: 0, 最小延迟: — ms, 最高速率: 0.00 MiB/s, 平均速率: 0.00 MiB/s, 最高分辨率: —, 平均帧率: 未知, 视频编解码器: 未知, 音频编解码器: 未知
分类: 🏀体育频道, 名称: 精品体育, 有效: 0, IPv4: 4, IPv6: 0, 最小延迟: — ms, 最高速率: 0.00 MiB/s, 平均速率: 0.00 MiB/s, 最高分辨率: —, 平均帧率: 未知, 视频编解码器: 未知, 音频编解码器: 未知
分类: 🏀体育频道, 名称: 辽宁体育, 有效: 0, IPv4: 3, IPv6: 0, 最小延迟: 398 ms, 最高速率: 0.07 MiB/s, 平均速率: 0.00 MiB/s, 最高分辨率: 1920x1080, 平均帧率: 未知, 视频编解码器: 未知, 音频编解码器: 未知
分类: 🏀体育频道, 名称: 山东体育, 有效: 0, IPv4: 1, IPv6: 0, 最小延迟: — ms, 最高速率: 0.00 MiB/s, 平均速率: 0.00 MiB/s, 最高分辨率: —, 平均帧率: 未知, 视频编解码器: 未知, 音频编解码器: 未知
分类: 🏀体育频道, 名称: 江苏体育, 有效: 0, IPv4: 9, IPv6: 0, 最小延迟: — ms, 最高速率: 0.00 MiB/s, 平均速率: 0.00 MiB/s, 最高分辨率: —, 平均帧率: 未知, 视频编解码器: 未知, 音频编解码器: 未知
分类: 🏀体育频道, 名称: 天津体育, 有效: 1, IPv4: 3, IPv6: 0, 最小延迟: 65 ms, 最高速率: 0.23 MiB/s, 平均速率: 0.23 MiB/s, 最高分辨率: —, 平均帧率: 未知, 视频编解码器: h264, 音频编解码器: aac
分类: 🏀体育频道, 名称: 风云足球, 有效: 1, IPv4: 8, IPv6: 0, 最小延迟: 56 ms, 最高速率: 0.96 MiB/s, 平均速率: 0.96 MiB/s, 最高分辨率: 1920x1080, 平均帧率: 未知, 视频编解码器: 未知, 音频编解码器: 未知
分类: 🏀体育频道, 名称: 魅力足球, 有效: 0, IPv4: 5, IPv6: 0, 最小延迟: 769 ms, 最高速率: 0.04 MiB/s, 平均速率: 0.00 MiB/s, 最高分辨率: —, 平均帧率: 未知, 视频编解码器: 未知, 音频编解码器: 未知
分类: 🏀体育频道, 名称: 足球频道, 有效: 0, IPv4: 2, IPv6: 0, 最小延迟: — ms, 最高速率: 0.00 MiB/s, 平均速率: 0.00 MiB/s, 最高分辨率: —, 平均帧率: 未知, 视频编解码器: 未知, 音频编解码器: 未知
分类: 🏀体育频道, 名称: 天元围棋, 有效: 0, IPv4: 4, IPv6: 0, 最小延迟: — ms, 最高速率: 0.00 MiB/s, 平均速率: 0.00 MiB/s, 最高分辨率: 1920x1080, 平均帧率: 未知, 视频编解码器: 未知, 音频编解码器: 未知
分类: 🏀体育频道, 名称: 快乐垂钓, 有效: 0, IPv4: 15, IPv6: 0, 最小延迟: 398 ms, 最高速率: 0.06 MiB/s, 平均速率: 0.00 MiB/s, 最高分辨率: —, 平均帧率: 未知, 视频编解码器: 未知, 音频编解码器: 未知
