20260926 06:55,http://ottrrs.hl.chinamobile.com/PLTV/88888888/224/3221226537/index.m3u8
2026-09-26 06:58:52,https://cdn.jsdelivr.net/gh/feiyang666999/testvideo/time/time.mp4
塔罗牌情感疗愈,https://live.ottiptv.cc/bilibili/1776796474
【李家观观】情感塔罗，什么都可以聊，首免,https://live.ottiptv.cc/bilibili/1852501680
I got no time to lose,https://live.ottiptv.cc/bilibili/1840997018
这里是对口相声,https://live.ottiptv.cc/bilibili/26145297
直播做假发,https://live.ottiptv.cc/bilibili/1775065114
沃伦工厂直播,https://live.ottiptv.cc/bilibili/25306496
摩低佬干活,https://live.ottiptv.cc/bilibili/21128491
NCAAF陆军VS坦普,https://live.ottiptv.cc/bilibili/1713421146
不要回答,https://live.ottiptv.cc/bilibili/97356
疗愈情感解惑塔塔罗罗占卜,https://live.ottiptv.cc/bilibili/1920267527
懒的播 不播又没意思,https://live.ottiptv.cc/bilibili/1931550927
【饼】阿萨boom！,https://live.ottiptv.cc/bilibili/326430
肠胃最不好的直播间,https://live.ottiptv.cc/bilibili/4165895
如何从临摹到写生？,https://live.ottiptv.cc/bilibili/32005883
七台河全市运动会,https://live.ottiptv.cc/bilibili/24826035
。。。。。。,https://live.ottiptv.cc/bilibili/23135584
四川广安乡村里的日常生活写实,https://live.ottiptv.cc/bilibili/1984346008
中秋的手绘也不能加撤回键吗,https://live.ottiptv.cc/bilibili/3721770
电子音乐电台，可锐评音乐，规则见公告,https://live.ottiptv.cc/bilibili/1777438104
·,https://live.ottiptv.cc/bilibili/1940980502
很困很困地工作,https://live.ottiptv.cc/bilibili/1986382334
世界上最坏的歌曲锐评直播间,https://live.ottiptv.cc/bilibili/1768504029
30岁辞职从0开学画画的505天,https://live.ottiptv.cc/bilibili/32195259
ddl是你的谎言,https://live.ottiptv.cc/bilibili/3672080
江江,https://live.ottiptv.cc/bilibili/1787658228
乱涂乱画,https://live.ottiptv.cc/bilibili/8988406
Harbourside,https://live.ottiptv.cc/bilibili/31247103
终于等到中秋节，直接播一天,https://live.ottiptv.cc/bilibili/8741952
我们adhd不同时干很多事情就会难受,https://live.ottiptv.cc/bilibili/8390629
小小咪！,https://live.ottiptv.cc/bilibili/22421617
喜欢埃米尔爸爸的大学历,https://live.ottiptv.cc/bilibili/1935935896
ZzzzzZz,https://live.ottiptv.cc/bilibili/1912361709
也够,https://live.ottiptv.cc/bilibili/1708078604
产品解产品本新鲜炒制中,https://live.ottiptv.cc/bilibili/1837650156
画的好笑不行吗,https://live.ottiptv.cc/bilibili/8344335
彩笔艺术大师,https://live.ottiptv.cc/bilibili/32064611
请注视我无论我是否幸福,https://live.ottiptv.cc/bilibili/1844849902
山姆旁的精品女装店,https://live.ottiptv.cc/bilibili/1895280611
水浒郭德纲,https://live.ottiptv.cc/bilibili/1791358561
农村小奶狗9月3日生,https://live.ottiptv.cc/bilibili/1909966970
南下2 直播中,https://live.ottiptv.cc/bilibili/22670123
肝、K,https://live.ottiptv.cc/bilibili/30014851
123456,https://live.ottiptv.cc/bilibili/614347
白色挖掘机 黄色风火轮,https://live.ottiptv.cc/bilibili/6108254
[助眠/雷雨声]街景,https://live.ottiptv.cc/bilibili/25970740
唐唐开播,https://live.ottiptv.cc/bilibili/26325434
生活杂谈,https://live.ottiptv.cc/bilibili/26487868
咋办呢,https://live.ottiptv.cc/bilibili/528782
骨关节健康就找朱教授,https://live.ottiptv.cc/bilibili/1732568970
看我怎么哄你开心,https://live.ottiptv.cc/bilibili/32255080
纯糖,https://live.ottiptv.cc/bilibili/196699
挂着做视频记录时长之网站优化,https://live.ottiptv.cc/bilibili/1994826331
老大我们真能赶完ddl吗,https://live.ottiptv.cc/bilibili/1773639250
字母传奇电摇,https://live.ottiptv.cc/bilibili/1855579991
小虎牙直播FM,https://live.ottiptv.cc/huya/29076690
美娜影视,https://live.ottiptv.cc/huya/31388739
大朴观影,https://live.ottiptv.cc/huya/31007237
加菲猫、、,https://live.ottiptv.cc/huya/29941782
露茜、,https://live.ottiptv.cc/huya/28274529
狗狗影视,https://live.ottiptv.cc/huya/30585838
元芳看不到,https://live.ottiptv.cc/huya/11342414
仇仟璃,https://live.ottiptv.cc/huya/19807776
尹地仇,https://live.ottiptv.cc/huya/21059567
藐姑檐户下,https://live.ottiptv.cc/huya/30080149
朵宝陪你看狄仁杰,https://live.ottiptv.cc/yy/1353753252
好先生,https://live.ottiptv.cc/yy/79382500
觉醒时代正在直播,https://live.ottiptv.cc/yy/1355268387
夕宇-经典影视剧,https://live.ottiptv.cc/yy/1353454489
新主播,https://live.ottiptv.cc/yy/1355179797
20260926 06:55,http://ottrrs.hl.chinamobile.com/PLTV/88888888/224/3221226537/index.m3u8
万载综合,http://live-echotv.cdnvideo.ru/echotv/echotv.sdp/playlist.m3u8
Dali TV,http://www.dalitv.com.tw:4568/live/dali/index.m3u8
EBC YOYO,https://ythls.armelin.one/channel/UCiWRSesvSYmY7YOyz0tv_zQ.m3u8
FTV News,https://ythls.armelin.one/channel/UC2VmWn8dAqkzlQqvy02E1PA.m3u8
民视新闻HD,https://raw.githubusercontent.com/ChiSheng9/iptv/master/TV17.m3u8
Dali TV,http://www.dalitv.com.tw:4568/live/dali/index.m3u8
EBC YOYO,https://ythls.armelin.one/channel/UCiWRSesvSYmY7YOyz0tv_zQ.m3u8
FTV News,https://ythls.armelin.one/channel/UC2VmWn8dAqkzlQqvy02E1PA.m3u8
2026-09-26_05:31:34,http://example.com/update_time.mp4
东森财经,http://live4play.uk/livehttpplay?channel_id=20078
2026-09-26 06:58:52,https://cdn.jsdelivr.net/gh/feiyang666999/testvideo/time/time.mp4
塔罗牌情感疗愈,https://live.ottiptv.cc/bilibili/1776796474
【李家观观】情感塔罗，什么都可以聊，首免,https://live.ottiptv.cc/bilibili/1852501680
I got no time to lose,https://live.ottiptv.cc/bilibili/1840997018
这里是对口相声,https://live.ottiptv.cc/bilibili/26145297
直播做假发,https://live.ottiptv.cc/bilibili/1775065114
沃伦工厂直播,https://live.ottiptv.cc/bilibili/25306496
摩低佬干活,https://live.ottiptv.cc/bilibili/21128491
NCAAF陆军VS坦普,https://live.ottiptv.cc/bilibili/1713421146
不要回答,https://live.ottiptv.cc/bilibili/97356
疗愈情感解惑塔塔罗罗占卜,https://live.ottiptv.cc/bilibili/1920267527
懒的播 不播又没意思,https://live.ottiptv.cc/bilibili/1931550927
【饼】阿萨boom！,https://live.ottiptv.cc/bilibili/326430
肠胃最不好的直播间,https://live.ottiptv.cc/bilibili/4165895
如何从临摹到写生？,https://live.ottiptv.cc/bilibili/32005883
七台河全市运动会,https://live.ottiptv.cc/bilibili/24826035
。。。。。。,https://live.ottiptv.cc/bilibili/23135584
四川广安乡村里的日常生活写实,https://live.ottiptv.cc/bilibili/1984346008
中秋的手绘也不能加撤回键吗,https://live.ottiptv.cc/bilibili/3721770
电子音乐电台，可锐评音乐，规则见公告,https://live.ottiptv.cc/bilibili/1777438104
·,https://live.ottiptv.cc/bilibili/1940980502
很困很困地工作,https://live.ottiptv.cc/bilibili/1986382334
世界上最坏的歌曲锐评直播间,https://live.ottiptv.cc/bilibili/1768504029
30岁辞职从0开学画画的505天,https://live.ottiptv.cc/bilibili/32195259
ddl是你的谎言,https://live.ottiptv.cc/bilibili/3672080
江江,https://live.ottiptv.cc/bilibili/1787658228
乱涂乱画,https://live.ottiptv.cc/bilibili/8988406
Harbourside,https://live.ottiptv.cc/bilibili/31247103
终于等到中秋节，直接播一天,https://live.ottiptv.cc/bilibili/8741952
我们adhd不同时干很多事情就会难受,https://live.ottiptv.cc/bilibili/8390629
小小咪！,https://live.ottiptv.cc/bilibili/22421617
喜欢埃米尔爸爸的大学历,https://live.ottiptv.cc/bilibili/1935935896
ZzzzzZz,https://live.ottiptv.cc/bilibili/1912361709
也够,https://live.ottiptv.cc/bilibili/1708078604
产品解产品本新鲜炒制中,https://live.ottiptv.cc/bilibili/1837650156
画的好笑不行吗,https://live.ottiptv.cc/bilibili/8344335
彩笔艺术大师,https://live.ottiptv.cc/bilibili/32064611
请注视我无论我是否幸福,https://live.ottiptv.cc/bilibili/1844849902
山姆旁的精品女装店,https://live.ottiptv.cc/bilibili/1895280611
水浒郭德纲,https://live.ottiptv.cc/bilibili/1791358561
农村小奶狗9月3日生,https://live.ottiptv.cc/bilibili/1909966970
南下2 直播中,https://live.ottiptv.cc/bilibili/22670123
肝、K,https://live.ottiptv.cc/bilibili/30014851
123456,https://live.ottiptv.cc/bilibili/614347
白色挖掘机 黄色风火轮,https://live.ottiptv.cc/bilibili/6108254
[助眠/雷雨声]街景,https://live.ottiptv.cc/bilibili/25970740
唐唐开播,https://live.ottiptv.cc/bilibili/26325434
生活杂谈,https://live.ottiptv.cc/bilibili/26487868
咋办呢,https://live.ottiptv.cc/bilibili/528782
骨关节健康就找朱教授,https://live.ottiptv.cc/bilibili/1732568970
看我怎么哄你开心,https://live.ottiptv.cc/bilibili/32255080
纯糖,https://live.ottiptv.cc/bilibili/196699
挂着做视频记录时长之网站优化,https://live.ottiptv.cc/bilibili/1994826331
老大我们真能赶完ddl吗,https://live.ottiptv.cc/bilibili/1773639250
字母传奇电摇,https://live.ottiptv.cc/bilibili/1855579991
2026-09-26 06:58:45,https://cdn.jsdelivr.net/gh/feiyang666999/testvideo/time/time.mp4
小虎牙直播FM,https://live.ottiptv.cc/huya/29076690
美娜影视,https://live.ottiptv.cc/huya/31388739
大朴观影,https://live.ottiptv.cc/huya/31007237
加菲猫、、,https://live.ottiptv.cc/huya/29941782
露茜、,https://live.ottiptv.cc/huya/28274529
狗狗影视,https://live.ottiptv.cc/huya/30585838
元芳看不到,https://live.ottiptv.cc/huya/11342414
仇仟璃,https://live.ottiptv.cc/huya/19807776
尹地仇,https://live.ottiptv.cc/huya/21059567
藐姑檐户下,https://live.ottiptv.cc/huya/30080149
2026-09-26 06:58:48,https://cdn.jsdelivr.net/gh/feiyang666999/testvideo/time/time.mp4
2026-09-26 06:58:40,https://cdn.jsdelivr.net/gh/feiyang666999/testvideo/time/time.mp4
朵宝陪你看狄仁杰,https://live.ottiptv.cc/yy/1353753252
好先生,https://live.ottiptv.cc/yy/79382500
觉醒时代正在直播,https://live.ottiptv.cc/yy/1355268387
夕宇-经典影视剧,https://live.ottiptv.cc/yy/1353454489
新主播,https://live.ottiptv.cc/yy/1355179797
Chaozhou Public Channel,http://113.64.146.48:1688/hls/4/index.m3u8
Dragon TV International,https://restream.pdtvhd.com/memfs/0b1b95c9-3543-4af9-9fdb-cf45f1602f17.m3u8
Chaozhou Public Channel,http://113.64.146.48:1688/hls/4/index.m3u8
Dragon TV International,https://restream.pdtvhd.com/memfs/0b1b95c9-3543-4af9-9fdb-cf45f1602f17.m3u8
2026-09-26 08:47:24,http://php.jdshipin.com/TVOD/iptv.php?id=rthk33
Win+ Futbol (1080p),http://181.78.12.119:16123/play/ch19/index.m3u8
2026-09-26 08:45:20,http://php.jdshipin.com/TVOD/iptv.php?id=rthk33
